lcd.c:42:6:LCD_WR_REG	8	static
lcd.c:49:6:LCD_WR_DATA	8	static
lcd.c:56:10:LCD_RD_DATA	8	static
lcd.c:65:6:LCD_WriteReg	0	static
lcd.c:73:10:LCD_ReadReg	8	static
lcd.c:80:6:LCD_WriteRAM_Prepare	0	static
lcd.c:86:6:LCD_WriteRAM	0	static
lcd.c:94:10:LCD_BGR2RGB	0	static
lcd.c:105:6:opt_delay	0	static
lcd.c:135:6:LCD_DisplayOn	0	static
lcd.c:143:6:LCD_DisplayOff	0	static
lcd.c:154:6:LCD_SetCursor	24	static
lcd.c:112:10:LCD_ReadPoint	8	static
lcd.c:204:6:LCD_Scan_Dir	8	static
lcd.c:324:6:LCD_DrawPoint	8	static
lcd.c:333:6:LCD_Fast_DrawPoint	24	static
lcd.c:373:6:LCD_SSD_BackLightSet	8	static
lcd.c:386:6:LCD_Display_Dir	8	static
lcd.c:459:6:LCD_Set_Window	32	static
lcd.c:537:6:LCD_Init9341	8	static
lcd.c:1958:6:LCD_Clear	16	static
lcd.c:1812:6:LCD_Init	8	static
lcd.c:1973:6:LCD_Fill	32	static
lcd.c:1989:6:LCD_Color_Fill	40	static
lcd.c:2006:6:LCD_DrawLine	56	static
lcd.c:2059:6:LCD_DrawRectangle	24	static
lcd.c:2069:6:LCD_Draw_Circle	56	static
lcd.c:2098:6:LCD_setFontSize	0	static
lcd.c:2111:6:LCD_ShowChar	64	static
lcd.c:2157:10:LCD_Pow	0	static
lcd.c:2170:6:LCD_ShowNum	48	static
lcd.c:2199:6:LCD_ShowxNum	56	static
lcd.c:2228:6:LCD_ShowString	24	static
