Archive member included to satisfy reference by file (symbol)

c:/program files (x86)/atollic/truestudio for stm32 9.3.0/armtools/bin/../lib/gcc/arm-atollic-eabi/6.3.1/../../../../arm-atollic-eabi/lib/armv7e-m/fpu\libc_nano.a(lib_a-errno.o)
                              Src\syscalls.o (__errno)
c:/program files (x86)/atollic/truestudio for stm32 9.3.0/armtools/bin/../lib/gcc/arm-atollic-eabi/6.3.1/../../../../arm-atollic-eabi/lib/armv7e-m/fpu\libc_nano.a(lib_a-impure.o)
                              c:/program files (x86)/atollic/truestudio for stm32 9.3.0/armtools/bin/../lib/gcc/arm-atollic-eabi/6.3.1/../../../../arm-atollic-eabi/lib/armv7e-m/fpu\libc_nano.a(lib_a-errno.o) (_impure_ptr)
c:/program files (x86)/atollic/truestudio for stm32 9.3.0/armtools/bin/../lib/gcc/arm-atollic-eabi/6.3.1/../../../../arm-atollic-eabi/lib/armv7e-m/fpu\libc_nano.a(lib_a-init.o)
                              startup\startup_stm32f429xx.o (__libc_init_array)
c:/program files (x86)/atollic/truestudio for stm32 9.3.0/armtools/bin/../lib/gcc/arm-atollic-eabi/6.3.1/../../../../arm-atollic-eabi/lib/armv7e-m/fpu\libc_nano.a(lib_a-memcpy-stub.o)
                              Middlewares\Third_Party\FreeRTOS\Source\CMSIS_RTOS_V2\cmsis_os2.o (memcpy)
c:/program files (x86)/atollic/truestudio for stm32 9.3.0/armtools/bin/../lib/gcc/arm-atollic-eabi/6.3.1/../../../../arm-atollic-eabi/lib/armv7e-m/fpu\libc_nano.a(lib_a-memset.o)
                              Middlewares\Third_Party\FreeRTOS\Source\stream_buffer.o (memset)
c:/program files (x86)/atollic/truestudio for stm32 9.3.0/armtools/bin/../lib/gcc/arm-atollic-eabi/6.3.1/armv7e-m/fpu\libgcc.a(_arm_addsubdf3.o)
                              TFT_LCD\lcd.o (__aeabi_i2d)
c:/program files (x86)/atollic/truestudio for stm32 9.3.0/armtools/bin/../lib/gcc/arm-atollic-eabi/6.3.1/armv7e-m/fpu\libgcc.a(_arm_muldivdf3.o)
                              TFT_LCD\lcd.o (__aeabi_dmul)
c:/program files (x86)/atollic/truestudio for stm32 9.3.0/armtools/bin/../lib/gcc/arm-atollic-eabi/6.3.1/armv7e-m/fpu\libgcc.a(_arm_fixunsdfsi.o)
                              TFT_LCD\lcd.o (__aeabi_d2uiz)
c:/program files (x86)/atollic/truestudio for stm32 9.3.0/armtools/bin/../lib/gcc/arm-atollic-eabi/6.3.1/armv7e-m/fpu\libgcc.a(_aeabi_uldivmod.o)
                              Drivers\STM32F4xx_HAL_Driver\Src\stm32f4xx_hal_rcc.o (__aeabi_uldivmod)
c:/program files (x86)/atollic/truestudio for stm32 9.3.0/armtools/bin/../lib/gcc/arm-atollic-eabi/6.3.1/armv7e-m/fpu\libgcc.a(_udivmoddi4.o)
                              c:/program files (x86)/atollic/truestudio for stm32 9.3.0/armtools/bin/../lib/gcc/arm-atollic-eabi/6.3.1/armv7e-m/fpu\libgcc.a(_aeabi_uldivmod.o) (__udivmoddi4)
c:/program files (x86)/atollic/truestudio for stm32 9.3.0/armtools/bin/../lib/gcc/arm-atollic-eabi/6.3.1/armv7e-m/fpu\libgcc.a(_dvmd_tls.o)
                              c:/program files (x86)/atollic/truestudio for stm32 9.3.0/armtools/bin/../lib/gcc/arm-atollic-eabi/6.3.1/armv7e-m/fpu\libgcc.a(_aeabi_uldivmod.o) (__aeabi_ldiv0)

Allocating common symbols
Common symbol       size              file

KEY_SCANHandle      0x4               Src\freertos.o
GAMEOVERTASKHandle  0x4               Src\freertos.o
SHOW_AUTHORHandle   0x4               Src\freertos.o
RECORD              0x4               Src\freertos.o
LCD_W               0x2               TFT_LCD\lcd.o
DIR                 0x1               Src\freertos.o
LCD_SHOWHandle      0x4               Src\freertos.o
uwTick              0x4               Drivers\STM32F4xx_HAL_Driver\Src\stm32f4xx_hal.o
xQueueRegistry      0x40              Middlewares\Third_Party\FreeRTOS\Source\queue.o
SHOW_RECORDHandle   0x4               Src\freertos.o
pFlash              0x20              Drivers\STM32F4xx_HAL_Driver\Src\stm32f4xx_hal_flash.o
Food                0x6               Src\freertos.o
hsram1              0x50              Src\fmc.o
LCD_CurPosY         0x2               TFT_LCD\lcd.o
Queue_key2Handle    0x4               Src\freertos.o
KEY                 0x1               Src\freertos.o
LED_BLINKHandle     0x4               Src\freertos.o
hrtc                0x20              Src\rtc.o
Game_StartHandle    0x4               Src\freertos.o
SETTTINGHandle      0x4               Src\freertos.o
Rule_JudgmentHandle
                    0x4               Src\freertos.o
htim6               0x40              Src\stm32f4xx_hal_timebase_tim.o
LCD_H               0x2               TFT_LCD\lcd.o
Queue_KeysHandle    0x4               Src\freertos.o
hrng                0x10              Src\rng.o
lcddev              0xe               TFT_LCD\lcd.o
LCD_CurPosX         0x2               TFT_LCD\lcd.o
Snake               0xa28             Src\freertos.o

Discarded input sections

 .text          0x00000000        0x0 c:/program files (x86)/atollic/truestudio for stm32 9.3.0/armtools/bin/../lib/gcc/arm-atollic-eabi/6.3.1/armv7e-m/fpu/crti.o
[...]
Memory Configuration

Name             Origin             Length             Attributes
RAM              0x20000000         0x00030000         xrw
CCMRAM           0x10000000         0x00010000         rw
FLASH            0x08000000         0x00100000         xr
*default*        0x00000000         0xffffffff

Linker script and memory map

LOAD c:/program files (x86)/atollic/truestudio for stm32 9.3.0/armtools/bin/../lib/gcc/arm-atollic-eabi/6.3.1/armv7e-m/fpu/crti.o
LOAD c:/program files (x86)/atollic/truestudio for stm32 9.3.0/armtools/bin/../lib/gcc/arm-atollic-eabi/6.3.1/armv7e-m/fpu/crtbegin.o
LOAD Drivers\STM32F4xx_HAL_Driver\Src\stm32f4xx_hal.o
LOAD Drivers\STM32F4xx_HAL_Driver\Src\stm32f4xx_hal_cortex.o
LOAD Drivers\STM32F4xx_HAL_Driver\Src\stm32f4xx_hal_dma.o
LOAD Drivers\STM32F4xx_HAL_Driver\Src\stm32f4xx_hal_dma_ex.o
LOAD Drivers\STM32F4xx_HAL_Driver\Src\stm32f4xx_hal_exti.o
LOAD Drivers\STM32F4xx_HAL_Driver\Src\stm32f4xx_hal_flash.o
LOAD Drivers\STM32F4xx_HAL_Driver\Src\stm32f4xx_hal_flash_ex.o
LOAD Drivers\STM32F4xx_HAL_Driver\Src\stm32f4xx_hal_flash_ramfunc.o
LOAD Drivers\STM32F4xx_HAL_Driver\Src\stm32f4xx_hal_gpio.o
LOAD Drivers\STM32F4xx_HAL_Driver\Src\stm32f4xx_hal_pwr.o
LOAD Drivers\STM32F4xx_HAL_Driver\Src\stm32f4xx_hal_pwr_ex.o
LOAD Drivers\STM32F4xx_HAL_Driver\Src\stm32f4xx_hal_rcc.o
LOAD Drivers\STM32F4xx_HAL_Driver\Src\stm32f4xx_hal_rcc_ex.o
LOAD Drivers\STM32F4xx_HAL_Driver\Src\stm32f4xx_hal_rng.o
LOAD Drivers\STM32F4xx_HAL_Driver\Src\stm32f4xx_hal_rtc.o
LOAD Drivers\STM32F4xx_HAL_Driver\Src\stm32f4xx_hal_rtc_ex.o
LOAD Drivers\STM32F4xx_HAL_Driver\Src\stm32f4xx_hal_sram.o
LOAD Drivers\STM32F4xx_HAL_Driver\Src\stm32f4xx_hal_tim.o
LOAD Drivers\STM32F4xx_HAL_Driver\Src\stm32f4xx_hal_tim_ex.o
LOAD Drivers\STM32F4xx_HAL_Driver\Src\stm32f4xx_ll_fmc.o
LOAD Middlewares\Third_Party\FreeRTOS\Source\CMSIS_RTOS_V2\cmsis_os2.o
LOAD Middlewares\Third_Party\FreeRTOS\Source\croutine.o
LOAD Middlewares\Third_Party\FreeRTOS\Source\event_groups.o
LOAD Middlewares\Third_Party\FreeRTOS\Source\list.o
LOAD Middlewares\Third_Party\FreeRTOS\Source\portable\GCC\ARM_CM4F\port.o
LOAD Middlewares\Third_Party\FreeRTOS\Source\portable\MemMang\heap_4.o
LOAD Middlewares\Third_Party\FreeRTOS\Source\queue.o
LOAD Middlewares\Third_Party\FreeRTOS\Source\stream_buffer.o
LOAD Middlewares\Third_Party\FreeRTOS\Source\tasks.o
LOAD Middlewares\Third_Party\FreeRTOS\Source\timers.o
LOAD Src\fmc.o
LOAD Src\freertos.o
LOAD Src\gpio.o
LOAD Src\main.o
LOAD Src\rng.o
LOAD Src\rtc.o
LOAD Src\sanke.o
LOAD Src\stm32f4xx_hal_msp.o
LOAD Src\stm32f4xx_hal_timebase_tim.o
LOAD Src\stm32f4xx_it.o
LOAD Src\syscalls.o
LOAD Src\system_stm32f4xx.o
LOAD TFT_LCD\lcd.o
LOAD startup\startup_stm32f429xx.o
                0x00000080                malloc_getpagesize_P = 0x80
START GROUP
LOAD c:/program files (x86)/atollic/truestudio for stm32 9.3.0/armtools/bin/../lib/gcc/arm-atollic-eabi/6.3.1/../../../../arm-atollic-eabi/lib/armv7e-m/fpu\libc_nano.a
LOAD c:/program files (x86)/atollic/truestudio for stm32 9.3.0/armtools/bin/../lib/gcc/arm-atollic-eabi/6.3.1/../../../../arm-atollic-eabi/lib/armv7e-m/fpu\libm.a
END GROUP
START GROUP
LOAD c:/program files (x86)/atollic/truestudio for stm32 9.3.0/armtools/bin/../lib/gcc/arm-atollic-eabi/6.3.1/armv7e-m/fpu\libgcc.a
LOAD c:/program files (x86)/atollic/truestudio for stm32 9.3.0/armtools/bin/../lib/gcc/arm-atollic-eabi/6.3.1/../../../../arm-atollic-eabi/lib/armv7e-m/fpu\libc_nano.a
END GROUP
START GROUP
LOAD c:/program files (x86)/atollic/truestudio for stm32 9.3.0/armtools/bin/../lib/gcc/arm-atollic-eabi/6.3.1/armv7e-m/fpu\libgcc.a
LOAD c:/program files (x86)/atollic/truestudio for stm32 9.3.0/armtools/bin/../lib/gcc/arm-atollic-eabi/6.3.1/../../../../arm-atollic-eabi/lib/armv7e-m/fpu\libc_nano.a
LOAD c:/program files (x86)/atollic/truestudio for stm32 9.3.0/armtools/bin/../lib/gcc/arm-atollic-eabi/6.3.1/../../../../arm-atollic-eabi/lib/armv7e-m/fpu\libnosys.a
END GROUP
START GROUP
LOAD c:/program files (x86)/atollic/truestudio for stm32 9.3.0/armtools/bin/../lib/gcc/arm-atollic-eabi/6.3.1/armv7e-m/fpu\libgcc.a
LOAD c:/program files (x86)/atollic/truestudio for stm32 9.3.0/armtools/bin/../lib/gcc/arm-atollic-eabi/6.3.1/../../../../arm-atollic-eabi/lib/armv7e-m/fpu\libc_nano.a
LOAD c:/program files (x86)/atollic/truestudio for stm32 9.3.0/armtools/bin/../lib/gcc/arm-atollic-eabi/6.3.1/../../../../arm-atollic-eabi/lib/armv7e-m/fpu\libnosys.a
END GROUP
LOAD c:/program files (x86)/atollic/truestudio for stm32 9.3.0/armtools/bin/../lib/gcc/arm-atollic-eabi/6.3.1/armv7e-m/fpu/crtend.o
LOAD c:/program files (x86)/atollic/truestudio for stm32 9.3.0/armtools/bin/../lib/gcc/arm-atollic-eabi/6.3.1/armv7e-m/fpu/crtn.o
                0x20030000                _estack = 0x20030000
                0x00000200                _Min_Heap_Size = 0x200
                0x00000400                _Min_Stack_Size = 0x400

.isr_vector     0x08000000      0x1ac
                0x08000000                . = ALIGN (0x4)
 *(.isr_vector)
 .isr_vector    0x08000000      0x1ac startup\startup_stm32f429xx.o
                0x08000000                g_pfnVectors
                0x080001ac                . = ALIGN (0x4)

.text           0x080001b0     0x574c
                0x080001b0                . = ALIGN (0x4)
 *(.text)
 .text          0x080001b0       0x40 c:/program files (x86)/atollic/truestudio for stm32 9.3.0/armtools/bin/../lib/gcc/arm-atollic-eabi/6.3.1/armv7e-m/fpu/crtbegin.o
 .text          0x080001f0       0x30 c:/program files (x86)/atollic/truestudio for stm32 9.3.0/armtools/bin/../lib/gcc/arm-atollic-eabi/6.3.1/armv7e-m/fpu\libgcc.a(_aeabi_uldivmod.o)
                0x080001f0                __aeabi_uldivmod
 .text          0x08000220      0x2dc c:/program files (x86)/atollic/truestudio for stm32 9.3.0/armtools/bin/../lib/gcc/arm-atollic-eabi/6.3.1/armv7e-m/fpu\libgcc.a(_udivmoddi4.o)
                0x08000220                __udivmoddi4
 .text          0x080004fc        0x4 c:/program files (x86)/atollic/truestudio for stm32 9.3.0/armtools/bin/../lib/gcc/arm-atollic-eabi/6.3.1/armv7e-m/fpu\libgcc.a(_dvmd_tls.o)
                0x080004fc                __aeabi_idiv0
                0x080004fc                __aeabi_ldiv0
 *(.text*)
 .text.HAL_Init
                0x08000500       0x34 Drivers\STM32F4xx_HAL_Driver\Src\stm32f4xx_hal.o
                0x08000500                HAL_Init
 .text.HAL_IncTick
                0x08000534       0x18 Drivers\STM32F4xx_HAL_Driver\Src\stm32f4xx_hal.o
                0x08000534                HAL_IncTick
 .text.HAL_GetTick
                0x0800054c        0xc Drivers\STM32F4xx_HAL_Driver\Src\stm32f4xx_hal.o
                0x0800054c                HAL_GetTick
 .text.HAL_Delay
                0x08000558       0x28 Drivers\STM32F4xx_HAL_Driver\Src\stm32f4xx_hal.o
                0x08000558                HAL_Delay
 .text.HAL_NVIC_SetPriorityGrouping
                0x08000580       0x24 Drivers\STM32F4xx_HAL_Driver\Src\stm32f4xx_hal_cortex.o
                0x08000580                HAL_NVIC_SetPriorityGrouping
 .text.HAL_NVIC_SetPriority
                0x080005a4       0x68 Drivers\STM32F4xx_HAL_Driver\Src\stm32f4xx_hal_cortex.o
                0x080005a4                HAL_NVIC_SetPriority
 .text.HAL_NVIC_EnableIRQ
                0x0800060c       0x1c Drivers\STM32F4xx_HAL_Driver\Src\stm32f4xx_hal_cortex.o
                0x0800060c                HAL_NVIC_EnableIRQ
 .text.HAL_GPIO_Init
                0x08000628      0x1d8 Drivers\STM32F4xx_HAL_Driver\Src\stm32f4xx_hal_gpio.o
                0x08000628                HAL_GPIO_Init
 .text.HAL_GPIO_ReadPin
                0x08000800        0xc Drivers\STM32F4xx_HAL_Driver\Src\stm32f4xx_hal_gpio.o
                0x08000800                HAL_GPIO_ReadPin
 .text.HAL_GPIO_WritePin
                0x0800080c        0xa Drivers\STM32F4xx_HAL_Driver\Src\stm32f4xx_hal_gpio.o
                0x0800080c                HAL_GPIO_WritePin
 .text.HAL_GPIO_TogglePin
                0x08000816        0xe Drivers\STM32F4xx_HAL_Driver\Src\stm32f4xx_hal_gpio.o
                0x08000816                HAL_GPIO_TogglePin
 .text.HAL_RCC_OscConfig
                0x08000824      0x304 Drivers\STM32F4xx_HAL_Driver\Src\stm32f4xx_hal_rcc.o
                0x08000824                HAL_RCC_OscConfig
 .text.HAL_RCC_GetSysClockFreq
                0x08000b28       0x5c Drivers\STM32F4xx_HAL_Driver\Src\stm32f4xx_hal_rcc.o
                0x08000b28                HAL_RCC_GetSysClockFreq
 .text.HAL_RCC_ClockConfig
                0x08000b84      0x134 Drivers\STM32F4xx_HAL_Driver\Src\stm32f4xx_hal_rcc.o
                0x08000b84                HAL_RCC_ClockConfig
 .text.HAL_RCC_GetPCLK1Freq
                0x08000cb8       0x20 Drivers\STM32F4xx_HAL_Driver\Src\stm32f4xx_hal_rcc.o
                0x08000cb8                HAL_RCC_GetPCLK1Freq
 .text.HAL_RCC_GetClockConfig
                0x08000cd8       0x3c Drivers\STM32F4xx_HAL_Driver\Src\stm32f4xx_hal_rcc.o
                0x08000cd8                HAL_RCC_GetClockConfig
 .text.HAL_RCCEx_PeriphCLKConfig
                0x08000d14      0x230 Drivers\STM32F4xx_HAL_Driver\Src\stm32f4xx_hal_rcc_ex.o
                0x08000d14                HAL_RCCEx_PeriphCLKConfig
 .text.HAL_RNG_Init
                0x08000f44       0x30 Drivers\STM32F4xx_HAL_Driver\Src\stm32f4xx_hal_rng.o
                0x08000f44                HAL_RNG_Init
 .text.HAL_RNG_GenerateRandomNumber
                0x08000f74       0x5c Drivers\STM32F4xx_HAL_Driver\Src\stm32f4xx_hal_rng.o
                0x08000f74                HAL_RNG_GenerateRandomNumber
 .text.HAL_RNG_GetRandomNumber
                0x08000fd0       0x16 Drivers\STM32F4xx_HAL_Driver\Src\stm32f4xx_hal_rng.o
                0x08000fd0                HAL_RNG_GetRandomNumber
 .text.HAL_RTC_WaitForSynchro
                0x08000fe6       0x30 Drivers\STM32F4xx_HAL_Driver\Src\stm32f4xx_hal_rtc.o
                0x08000fe6                HAL_RTC_WaitForSynchro
 .text.RTC_EnterInitMode
                0x08001016       0x34 Drivers\STM32F4xx_HAL_Driver\Src\stm32f4xx_hal_rtc.o
                0x08001016                RTC_EnterInitMode
 .text.HAL_RTC_Init
                0x0800104a       0x9c Drivers\STM32F4xx_HAL_Driver\Src\stm32f4xx_hal_rtc.o
                0x0800104a                HAL_RTC_Init
 .text.RTC_ByteToBcd2
                0x080010e6       0x16 Drivers\STM32F4xx_HAL_Driver\Src\stm32f4xx_hal_rtc.o
                0x080010e6                RTC_ByteToBcd2
 .text.HAL_RTC_SetTime
                0x080010fc       0xe0 Drivers\STM32F4xx_HAL_Driver\Src\stm32f4xx_hal_rtc.o
                0x080010fc                HAL_RTC_SetTime
 .text.HAL_RTC_SetDate
                0x080011dc       0xc0 Drivers\STM32F4xx_HAL_Driver\Src\stm32f4xx_hal_rtc.o
                0x080011dc                HAL_RTC_SetDate
 .text.HAL_RTCEx_SetWakeUpTimer
                0x0800129c       0xb6 Drivers\STM32F4xx_HAL_Driver\Src\stm32f4xx_hal_rtc_ex.o
                0x0800129c                HAL_RTCEx_SetWakeUpTimer
 .text.HAL_RTCEx_BKUPWrite
                0x08001352        0xa Drivers\STM32F4xx_HAL_Driver\Src\stm32f4xx_hal_rtc_ex.o
                0x08001352                HAL_RTCEx_BKUPWrite
 .text.HAL_RTCEx_BKUPRead
                0x0800135c        0xa Drivers\STM32F4xx_HAL_Driver\Src\stm32f4xx_hal_rtc_ex.o
                0x0800135c                HAL_RTCEx_BKUPRead
 .text.HAL_SRAM_Init
                0x08001366       0x54 Drivers\STM32F4xx_HAL_Driver\Src\stm32f4xx_hal_sram.o
                0x08001366                HAL_SRAM_Init
 .text.HAL_TIM_Base_MspInit
                0x080013ba        0x2 Drivers\STM32F4xx_HAL_Driver\Src\stm32f4xx_hal_tim.o
                0x080013ba                HAL_TIM_Base_MspInit
 .text.HAL_TIM_Base_Start_IT
                0x080013bc       0x20 Drivers\STM32F4xx_HAL_Driver\Src\stm32f4xx_hal_tim.o
                0x080013bc                HAL_TIM_Base_Start_IT
 .text.HAL_TIM_OC_DelayElapsedCallback
                0x080013dc        0x2 Drivers\STM32F4xx_HAL_Driver\Src\stm32f4xx_hal_tim.o
                0x080013dc                HAL_TIM_OC_DelayElapsedCallback
 .text.HAL_TIM_IC_CaptureCallback
                0x080013de        0x2 Drivers\STM32F4xx_HAL_Driver\Src\stm32f4xx_hal_tim.o
                0x080013de                HAL_TIM_IC_CaptureCallback
 .text.HAL_TIM_PWM_PulseFinishedCallback
                0x080013e0        0x2 Drivers\STM32F4xx_HAL_Driver\Src\stm32f4xx_hal_tim.o
                0x080013e0                HAL_TIM_PWM_PulseFinishedCallback
 .text.HAL_TIM_TriggerCallback
                0x080013e2        0x2 Drivers\STM32F4xx_HAL_Driver\Src\stm32f4xx_hal_tim.o
                0x080013e2                HAL_TIM_TriggerCallback
 .text.HAL_TIM_IRQHandler
                0x080013e4      0x144 Drivers\STM32F4xx_HAL_Driver\Src\stm32f4xx_hal_tim.o
                0x080013e4                HAL_TIM_IRQHandler
 .text.TIM_Base_SetConfig
                0x08001528       0xcc Drivers\STM32F4xx_HAL_Driver\Src\stm32f4xx_hal_tim.o
                0x08001528                TIM_Base_SetConfig
 .text.HAL_TIM_Base_Init
                0x080015f4       0x34 Drivers\STM32F4xx_HAL_Driver\Src\stm32f4xx_hal_tim.o
                0x080015f4                HAL_TIM_Base_Init
 .text.HAL_TIMEx_CommutCallback
                0x08001628        0x2 Drivers\STM32F4xx_HAL_Driver\Src\stm32f4xx_hal_tim_ex.o
                0x08001628                HAL_TIMEx_CommutCallback
 .text.HAL_TIMEx_BreakCallback
                0x0800162a        0x2 Drivers\STM32F4xx_HAL_Driver\Src\stm32f4xx_hal_tim_ex.o
                0x0800162a                HAL_TIMEx_BreakCallback
 .text.FMC_NORSRAM_Init
                0x0800162c       0x6c Drivers\STM32F4xx_HAL_Driver\Src\stm32f4xx_ll_fmc.o
                0x0800162c                FMC_NORSRAM_Init
 .text.FMC_NORSRAM_Timing_Init
                0x08001698       0x4c Drivers\STM32F4xx_HAL_Driver\Src\stm32f4xx_ll_fmc.o
                0x08001698                FMC_NORSRAM_Timing_Init
 .text.FMC_NORSRAM_Extended_Timing_Init
                0x080016e4       0x3c Drivers\STM32F4xx_HAL_Driver\Src\stm32f4xx_ll_fmc.o
                0x080016e4                FMC_NORSRAM_Extended_Timing_Init
 .text.osKernelInitialize
                0x08001720       0x38 Middlewares\Third_Party\FreeRTOS\Source\CMSIS_RTOS_V2\cmsis_os2.o
                0x08001720                osKernelInitialize
 .text.osKernelStart
                0x08001758       0x40 Middlewares\Third_Party\FreeRTOS\Source\CMSIS_RTOS_V2\cmsis_os2.o
                0x08001758                osKernelStart
 .text.osThreadNew
                0x08001798       0xc0 Middlewares\Third_Party\FreeRTOS\Source\CMSIS_RTOS_V2\cmsis_os2.o
                0x08001798                osThreadNew
 .text.osDelay  0x08001858       0x34 Middlewares\Third_Party\FreeRTOS\Source\CMSIS_RTOS_V2\cmsis_os2.o
                0x08001858                osDelay
 .text.osMessageQueueNew
                0x0800188c       0x90 Middlewares\Third_Party\FreeRTOS\Source\CMSIS_RTOS_V2\cmsis_os2.o
                0x0800188c                osMessageQueueNew
 .text.vApplicationGetIdleTaskMemory
                0x0800191c       0x18 Middlewares\Third_Party\FreeRTOS\Source\CMSIS_RTOS_V2\cmsis_os2.o
                0x0800191c                vApplicationGetIdleTaskMemory
 .text.vApplicationGetTimerTaskMemory
                0x08001934       0x18 Middlewares\Third_Party\FreeRTOS\Source\CMSIS_RTOS_V2\cmsis_os2.o
                0x08001934                vApplicationGetTimerTaskMemory
 .text.vListInitialise
                0x0800194c       0x16 Middlewares\Third_Party\FreeRTOS\Source\list.o
                0x0800194c                vListInitialise
 .text.vListInitialiseItem
                0x08001962        0x6 Middlewares\Third_Party\FreeRTOS\Source\list.o
                0x08001962                vListInitialiseItem
 .text.vListInsertEnd
                0x08001968       0x18 Middlewares\Third_Party\FreeRTOS\Source\list.o
                0x08001968                vListInsertEnd
 .text.vListInsert
                0x08001980       0x2e Middlewares\Third_Party\FreeRTOS\Source\list.o
                0x08001980                vListInsert
 .text.uxListRemove
                0x080019ae       0x22 Middlewares\Third_Party\FreeRTOS\Source\list.o
                0x080019ae                uxListRemove
 .text.prvTaskExitError
                0x080019d0       0x40 Middlewares\Third_Party\FreeRTOS\Source\portable\GCC\ARM_CM4F\port.o
 .text.unlikely.prvPortStartFirstTask
                0x08001a10       0x28 Middlewares\Third_Party\FreeRTOS\Source\portable\GCC\ARM_CM4F\port.o
 .text.unlikely.vPortEnableVFP
                0x08001a38       0x14 Middlewares\Third_Party\FreeRTOS\Source\portable\GCC\ARM_CM4F\port.o
 .text.pxPortInitialiseStack
                0x08001a4c       0x2c Middlewares\Third_Party\FreeRTOS\Source\portable\GCC\ARM_CM4F\port.o
                0x08001a4c                pxPortInitialiseStack
 *fill*         0x08001a78        0x8 
 .text.SVC_Handler
                0x08001a80       0x24 Middlewares\Third_Party\FreeRTOS\Source\portable\GCC\ARM_CM4F\port.o
                0x08001a80                SVC_Handler
 .text.vPortEnterCritical
                0x08001aa4       0x44 Middlewares\Third_Party\FreeRTOS\Source\portable\GCC\ARM_CM4F\port.o
                0x08001aa4                vPortEnterCritical
 .text.vPortExitCritical
                0x08001ae8       0x28 Middlewares\Third_Party\FreeRTOS\Source\portable\GCC\ARM_CM4F\port.o
                0x08001ae8                vPortExitCritical
 .text.PendSV_Handler
                0x08001b10       0x64 Middlewares\Third_Party\FreeRTOS\Source\portable\GCC\ARM_CM4F\port.o
                0x08001b10                PendSV_Handler
 .text.SysTick_Handler
                0x08001b74       0x2c Middlewares\Third_Party\FreeRTOS\Source\portable\GCC\ARM_CM4F\port.o
                0x08001b74                SysTick_Handler
 .text.vPortSetupTimerInterrupt
                0x08001ba0       0x34 Middlewares\Third_Party\FreeRTOS\Source\portable\GCC\ARM_CM4F\port.o
                0x08001ba0                vPortSetupTimerInterrupt
 .text.xPortStartScheduler
                0x08001bd4      0x10c Middlewares\Third_Party\FreeRTOS\Source\portable\GCC\ARM_CM4F\port.o
                0x08001bd4                xPortStartScheduler
 .text.vPortValidateInterruptPriority
                0x08001ce0       0x5c Middlewares\Third_Party\FreeRTOS\Source\portable\GCC\ARM_CM4F\port.o
                0x08001ce0                vPortValidateInterruptPriority
 .text.unlikely.prvInsertBlockIntoFreeList
                0x08001d3c       0x48 Middlewares\Third_Party\FreeRTOS\Source\portable\MemMang\heap_4.o
 .text.pvPortMalloc
                0x08001d84      0x11c Middlewares\Third_Party\FreeRTOS\Source\portable\MemMang\heap_4.o
                0x08001d84                pvPortMalloc
 .text.vPortFree
                0x08001ea0       0x70 Middlewares\Third_Party\FreeRTOS\Source\portable\MemMang\heap_4.o
                0x08001ea0                vPortFree
 .text.prvIsQueueEmpty
                0x08001f10       0x16 Middlewares\Third_Party\FreeRTOS\Source\queue.o
 .text.unlikely.prvCopyDataToQueue
                0x08001f26       0x66 Middlewares\Third_Party\FreeRTOS\Source\queue.o
 .text.unlikely.prvCopyDataFromQueue
                0x08001f8c       0x2a Middlewares\Third_Party\FreeRTOS\Source\queue.o
 .text.prvUnlockQueue
                0x08001fb6       0x70 Middlewares\Third_Party\FreeRTOS\Source\queue.o
 *fill*         0x08002026        0x2 
 .text.xQueueGenericReset
                0x08002028       0x80 Middlewares\Third_Party\FreeRTOS\Source\queue.o
                0x08002028                xQueueGenericReset
 .text.xQueueGenericCreateStatic
                0x080020a8       0x9a Middlewares\Third_Party\FreeRTOS\Source\queue.o
                0x080020a8                xQueueGenericCreateStatic
 .text.xQueueGenericCreate
                0x08002142       0x4e Middlewares\Third_Party\FreeRTOS\Source\queue.o
                0x08002142                xQueueGenericCreate
 .text.xQueueGenericSend
                0x08002190      0x16c Middlewares\Third_Party\FreeRTOS\Source\queue.o
                0x08002190                xQueueGenericSend
 .text.xQueueGenericSendFromISR
                0x080022fc       0xc4 Middlewares\Third_Party\FreeRTOS\Source\queue.o
                0x080022fc                xQueueGenericSendFromISR
 .text.xQueueReceive
                0x080023c0      0x148 Middlewares\Third_Party\FreeRTOS\Source\queue.o
                0x080023c0                xQueueReceive
 .text.vQueueAddToRegistry
                0x08002508       0x24 Middlewares\Third_Party\FreeRTOS\Source\queue.o
                0x08002508                vQueueAddToRegistry
 .text.vQueueWaitForMessageRestricted
                0x0800252c       0x46 Middlewares\Third_Party\FreeRTOS\Source\queue.o
                0x0800252c                vQueueWaitForMessageRestricted
 *fill*         0x08002572        0x2 
 .text.prvAddNewTaskToReadyList
                0x08002574       0xfc Middlewares\Third_Party\FreeRTOS\Source\tasks.o
 .text.prvResetNextTaskUnblockTime
                0x08002670       0x24 Middlewares\Third_Party\FreeRTOS\Source\tasks.o
 .text.prvInitialiseNewTask.isra.2
                0x08002694       0x88 Middlewares\Third_Party\FreeRTOS\Source\tasks.o
 .text.prvDeleteTCB
                0x0800271c       0x36 Middlewares\Third_Party\FreeRTOS\Source\tasks.o
 *fill*         0x08002752        0x2 
 .text.prvIdleTask
                0x08002754       0x64 Middlewares\Third_Party\FreeRTOS\Source\tasks.o
 .text.prvAddCurrentTaskToDelayedList
                0x080027b8       0x74 Middlewares\Third_Party\FreeRTOS\Source\tasks.o
 .text.eTaskGetState.part.6
                0x0800282c       0x12 Middlewares\Third_Party\FreeRTOS\Source\tasks.o
 *fill*         0x0800283e        0x2 
 .text.prvTaskIsTaskSuspended
                0x08002840       0x2c Middlewares\Third_Party\FreeRTOS\Source\tasks.o
 .text.xTaskCreateStatic
                0x0800286c       0x6e Middlewares\Third_Party\FreeRTOS\Source\tasks.o
                0x0800286c                xTaskCreateStatic
 .text.xTaskCreate
                0x080028da       0x5a Middlewares\Third_Party\FreeRTOS\Source\tasks.o
                0x080028da                xTaskCreate
 .text.vTaskResume
                0x08002934       0x84 Middlewares\Third_Party\FreeRTOS\Source\tasks.o
                0x08002934                vTaskResume
 .text.vTaskStartScheduler
                0x080029b8       0x88 Middlewares\Third_Party\FreeRTOS\Source\tasks.o
                0x080029b8                vTaskStartScheduler
 .text.vTaskSuspendAll
                0x08002a40       0x10 Middlewares\Third_Party\FreeRTOS\Source\tasks.o
                0x08002a40                vTaskSuspendAll
 .text.xTaskGetTickCount
                0x08002a50        0xc Middlewares\Third_Party\FreeRTOS\Source\tasks.o
                0x08002a50                xTaskGetTickCount
 .text.xTaskIncrementTick
                0x08002a5c      0x120 Middlewares\Third_Party\FreeRTOS\Source\tasks.o
                0x08002a5c                xTaskIncrementTick
 .text.xTaskResumeAll
                0x08002b7c       0xe8 Middlewares\Third_Party\FreeRTOS\Source\tasks.o
                0x08002b7c                xTaskResumeAll
 .text.vTaskDelayUntil
                0x08002c64       0x98 Middlewares\Third_Party\FreeRTOS\Source\tasks.o
                0x08002c64                vTaskDelayUntil
 .text.vTaskDelay
                0x08002cfc       0x48 Middlewares\Third_Party\FreeRTOS\Source\tasks.o
                0x08002cfc                vTaskDelay
 .text.vTaskSwitchContext
                0x08002d44       0x78 Middlewares\Third_Party\FreeRTOS\Source\tasks.o
                0x08002d44                vTaskSwitchContext
 .text.vTaskSuspend
                0x08002dbc       0xb4 Middlewares\Third_Party\FreeRTOS\Source\tasks.o
                0x08002dbc                vTaskSuspend
 .text.vTaskPlaceOnEventList
                0x08002e70       0x34 Middlewares\Third_Party\FreeRTOS\Source\tasks.o
                0x08002e70                vTaskPlaceOnEventList
 .text.vTaskPlaceOnEventListRestricted
                0x08002ea4       0x3c Middlewares\Third_Party\FreeRTOS\Source\tasks.o
                0x08002ea4                vTaskPlaceOnEventListRestricted
 .text.xTaskRemoveFromEventList
                0x08002ee0       0x80 Middlewares\Third_Party\FreeRTOS\Source\tasks.o
                0x08002ee0                xTaskRemoveFromEventList
 .text.vTaskInternalSetTimeOutState
                0x08002f60       0x18 Middlewares\Third_Party\FreeRTOS\Source\tasks.o
                0x08002f60                vTaskInternalSetTimeOutState
 .text.xTaskCheckForTimeOut
                0x08002f78       0x78 Middlewares\Third_Party\FreeRTOS\Source\tasks.o
                0x08002f78                xTaskCheckForTimeOut
 .text.vTaskMissedYield
                0x08002ff0        0xc Middlewares\Third_Party\FreeRTOS\Source\tasks.o
                0x08002ff0                vTaskMissedYield
 .text.xTaskGetSchedulerState
                0x08002ffc       0x20 Middlewares\Third_Party\FreeRTOS\Source\tasks.o
                0x08002ffc                xTaskGetSchedulerState
 .text.xTaskPriorityDisinherit
                0x0800301c       0x84 Middlewares\Third_Party\FreeRTOS\Source\tasks.o
                0x0800301c                xTaskPriorityDisinherit
 .text.prvCheckForValidListAndQueue
                0x080030a0       0x68 Middlewares\Third_Party\FreeRTOS\Source\timers.o
 .text.prvInsertTimerInActiveList
                0x08003108       0x3c Middlewares\Third_Party\FreeRTOS\Source\timers.o
 .text.xTimerCreateTimerTask
                0x08003144       0x68 Middlewares\Third_Party\FreeRTOS\Source\timers.o
                0x08003144                xTimerCreateTimerTask
 .text.xTimerGenericCommand
                0x080031ac       0x58 Middlewares\Third_Party\FreeRTOS\Source\timers.o
                0x080031ac                xTimerGenericCommand
 .text.prvSwitchTimerLists
                0x08003204       0x7c Middlewares\Third_Party\FreeRTOS\Source\timers.o
 .text.prvTimerTask
                0x08003280      0x1e4 Middlewares\Third_Party\FreeRTOS\Source\timers.o
 .text.MX_FMC_Init
                0x08003464       0x88 Src\fmc.o
                0x08003464                MX_FMC_Init
 .text.HAL_SRAM_MspInit
                0x080034ec       0x74 Src\fmc.o
                0x080034ec                HAL_SRAM_MspInit
 .text.APP_LCD_SHOW
                0x08003560       0xdc Src\freertos.o
                0x08003560                APP_LCD_SHOW
 .text.APP_KEY_SCAN
                0x0800363c      0x114 Src\freertos.o
                0x0800363c                APP_KEY_SCAN
 .text.APP_Rule_judgment
                0x08003750       0x6c Src\freertos.o
                0x08003750                APP_Rule_judgment
 .text.APP_Game_Over
                0x080037bc      0x108 Src\freertos.o
                0x080037bc                APP_Game_Over
 .text.StartTask08
                0x080038c4       0xf4 Src\freertos.o
                0x080038c4                StartTask08
 .text.APP_author
                0x080039b8       0x50 Src\freertos.o
                0x080039b8                APP_author
 .text.APP_Setting
                0x08003a08      0x1dc Src\freertos.o
                0x08003a08                APP_Setting
 .text.APP_Game_Start
                0x08003be4      0x200 Src\freertos.o
                0x08003be4                APP_Game_Start
 .text.APP_blink
                0x08003de4       0x24 Src\freertos.o
                0x08003de4                APP_blink
 .text.MX_FREERTOS_Init
                0x08003e08      0x204 Src\freertos.o
                0x08003e08                MX_FREERTOS_Init
 .text.MX_GPIO_Init
                0x0800400c      0x130 Src\gpio.o
                0x0800400c                MX_GPIO_Init
 .text.SystemClock_Config
                0x0800413c       0xb4 Src\main.o
                0x0800413c                SystemClock_Config
 .text.startup.main
                0x080041f0       0x28 Src\main.o
                0x080041f0                main
 .text.HAL_TIM_PeriodElapsedCallback
                0x08004218       0x14 Src\main.o
                0x08004218                HAL_TIM_PeriodElapsedCallback
 .text.Error_Handler
                0x0800422c        0x2 Src\main.o
                0x0800422c                Error_Handler
 *fill*         0x0800422e        0x2 
 .text.MX_RNG_Init
                0x08004230       0x20 Src\rng.o
                0x08004230                MX_RNG_Init
 .text.HAL_RNG_MspInit
                0x08004250       0x30 Src\rng.o
                0x08004250                HAL_RNG_MspInit
 .text.MX_RTC_Init
                0x08004280       0x90 Src\rtc.o
                0x08004280                MX_RTC_Init
 .text.HAL_RTC_MspInit
                0x08004310       0x18 Src\rtc.o
                0x08004310                HAL_RTC_MspInit
 .text.Draw_Point
                0x08004328       0x20 Src\sanke.o
                0x08004328                Draw_Point
 .text.Erase_Point
                0x08004348       0x1a Src\sanke.o
                0x08004348                Erase_Point
 .text.Draw_Food
                0x08004362       0x20 Src\sanke.o
                0x08004362                Draw_Food
 .text.Draw_HEAD
                0x08004382       0x20 Src\sanke.o
                0x08004382                Draw_HEAD
 *fill*         0x080043a2        0x2 
 .text.Snake_Init
                0x080043a4       0xe0 Src\sanke.o
                0x080043a4                Snake_Init
 .text.Draw_Snake
                0x08004484       0x40 Src\sanke.o
                0x08004484                Draw_Snake
 .text.Snake_Up
                0x080044c4       0x58 Src\sanke.o
                0x080044c4                Snake_Up
 .text.Snake_Down
                0x0800451c       0x58 Src\sanke.o
                0x0800451c                Snake_Down
 .text.Snake_Left
                0x08004574       0x58 Src\sanke.o
                0x08004574                Snake_Left
 .text.Snake_Right
                0x080045cc       0x58 Src\sanke.o
                0x080045cc                Snake_Right
 .text.Rand_Number
                0x08004624       0x3c Src\sanke.o
                0x08004624                Rand_Number
 .text.Put_Food
                0x08004660       0x54 Src\sanke.o
                0x08004660                Put_Food
 .text.GET_FOOD
                0x080046b4       0x80 Src\sanke.o
                0x080046b4                GET_FOOD
 .text.DEC_EAT_ITSELF
                0x08004734       0x50 Src\sanke.o
                0x08004734                DEC_EAT_ITSELF
 .text.DEC_HIT_WALL
                0x08004784       0x30 Src\sanke.o
                0x08004784                DEC_HIT_WALL
 .text.START_InterFace
                0x080047b4       0xc0 Src\sanke.o
                0x080047b4                START_InterFace
 .text.SET_InterFace
                0x08004874       0x9c Src\sanke.o
                0x08004874                SET_InterFace
 .text.OVER_InterFace
                0x08004910       0x58 Src\sanke.o
                0x08004910                OVER_InterFace
 .text.RECORD_InterFace
                0x08004968       0x6c Src\sanke.o
                0x08004968                RECORD_InterFace
 .text.AUTHOR_InterFace
                0x080049d4       0x6c Src\sanke.o
                0x080049d4                AUTHOR_InterFace
 .text.HAL_MspInit
                0x08004a40       0x44 Src\stm32f4xx_hal_msp.o
                0x08004a40                HAL_MspInit
 .text.HAL_InitTick
                0x08004a84       0x7c Src\stm32f4xx_hal_timebase_tim.o
                0x08004a84                HAL_InitTick
 .text.NMI_Handler
                0x08004b00        0x2 Src\stm32f4xx_it.o
                0x08004b00                NMI_Handler
 .text.HardFault_Handler
                0x08004b02        0x2 Src\stm32f4xx_it.o
                0x08004b02                HardFault_Handler
 .text.MemManage_Handler
                0x08004b04        0x2 Src\stm32f4xx_it.o
                0x08004b04                MemManage_Handler
 .text.BusFault_Handler
                0x08004b06        0x2 Src\stm32f4xx_it.o
                0x08004b06                BusFault_Handler
 .text.UsageFault_Handler
                0x08004b08        0x2 Src\stm32f4xx_it.o
                0x08004b08                UsageFault_Handler
 .text.DebugMon_Handler
                0x08004b0a        0x2 Src\stm32f4xx_it.o
                0x08004b0a                DebugMon_Handler
 .text.TIM6_DAC_IRQHandler
                0x08004b0c        0xc Src\stm32f4xx_it.o
                0x08004b0c                TIM6_DAC_IRQHandler
 .text.SystemInit
                0x08004b18       0x4c Src\system_stm32f4xx.o
                0x08004b18                SystemInit
 .text.LCD_WR_REG
                0x08004b64       0x24 TFT_LCD\lcd.o
                0x08004b64                LCD_WR_REG
 .text.LCD_WR_DATA
                0x08004b88       0x24 TFT_LCD\lcd.o
                0x08004b88                LCD_WR_DATA
 .text.LCD_RD_DATA
                0x08004bac       0x1c TFT_LCD\lcd.o
                0x08004bac                LCD_RD_DATA
 .text.LCD_WriteRAM_Prepare
                0x08004bc8       0x14 TFT_LCD\lcd.o
                0x08004bc8                LCD_WriteRAM_Prepare
 .text.LCD_SetCursor
                0x08004bdc      0x100 TFT_LCD\lcd.o
                0x08004bdc                LCD_SetCursor
 .text.LCD_Scan_Dir
                0x08004cdc      0x1c4 TFT_LCD\lcd.o
                0x08004cdc                LCD_Scan_Dir
 .text.LCD_DrawPoint
                0x08004ea0       0x1c TFT_LCD\lcd.o
                0x08004ea0                LCD_DrawPoint
 .text.LCD_Fast_DrawPoint
                0x08004ebc       0xe4 TFT_LCD\lcd.o
                0x08004ebc                LCD_Fast_DrawPoint
 .text.LCD_Display_Dir
                0x08004fa0      0x10c TFT_LCD\lcd.o
                0x08004fa0                LCD_Display_Dir
 .text.LCD_Init9341
                0x080050ac      0x22e TFT_LCD\lcd.o
                0x080050ac                LCD_Init9341
 *fill*         0x080052da        0x2 
 .text.LCD_Clear
                0x080052dc       0x34 TFT_LCD\lcd.o
                0x080052dc                LCD_Clear
 .text.LCD_Init
                0x08005310      0x150 TFT_LCD\lcd.o
                0x08005310                LCD_Init
 .text.LCD_Fill
                0x08005460       0x48 TFT_LCD\lcd.o
                0x08005460                LCD_Fill
 .text.LCD_DrawLine
                0x080054a8       0x8a TFT_LCD\lcd.o
                0x080054a8                LCD_DrawLine
 .text.LCD_DrawRectangle
                0x08005532       0x3a TFT_LCD\lcd.o
                0x08005532                LCD_DrawRectangle
 .text.LCD_Draw_Circle
                0x0800556c       0xc2 TFT_LCD\lcd.o
                0x0800556c                LCD_Draw_Circle
 *fill*         0x0800562e        0x2 
 .text.LCD_ShowChar
                0x08005630      0x118 TFT_LCD\lcd.o
                0x08005630                LCD_ShowChar
 .text.LCD_ShowNum
                0x08005748       0x84 TFT_LCD\lcd.o
                0x08005748                LCD_ShowNum
 .text.LCD_ShowString
                0x080057cc       0x54 TFT_LCD\lcd.o
                0x080057cc                LCD_ShowString
 .text.Reset_Handler
                0x08005820       0x50 startup\startup_stm32f429xx.o
                0x08005820                Reset_Handler
 .text.Default_Handler
                0x08005870        0x2 startup\startup_stm32f429xx.o
                0x08005870                RTC_Alarm_IRQHandler
                0x08005870                HASH_RNG_IRQHandler
                0x08005870                EXTI2_IRQHandler
                0x08005870                TIM8_CC_IRQHandler
                0x08005870                UART8_IRQHandler
                0x08005870                SPI4_IRQHandler
                0x08005870                TIM1_CC_IRQHandler
                0x08005870                DMA2_Stream5_IRQHandler
                0x08005870                DMA1_Stream5_IRQHandler
                0x08005870                PVD_IRQHandler
                0x08005870                SDIO_IRQHandler
                0x08005870                TAMP_STAMP_IRQHandler
                0x08005870                CAN2_RX1_IRQHandler
                0x08005870                EXTI3_IRQHandler
                0x08005870                TIM8_TRG_COM_TIM14_IRQHandler
                0x08005870                TIM1_UP_TIM10_IRQHandler
                0x08005870                TIM8_UP_TIM13_IRQHandler
                0x08005870                I2C3_ER_IRQHandler
                0x08005870                EXTI0_IRQHandler
                0x08005870                I2C2_EV_IRQHandler
                0x08005870                DMA1_Stream2_IRQHandler
                0x08005870                CAN1_RX0_IRQHandler
                0x08005870                FPU_IRQHandler
                0x08005870                OTG_HS_WKUP_IRQHandler
                0x08005870                LTDC_ER_IRQHandler
                0x08005870                CAN2_SCE_IRQHandler
                0x08005870                DMA2_Stream2_IRQHandler
                0x08005870                SPI1_IRQHandler
                0x08005870                TIM1_BRK_TIM9_IRQHandler
                0x08005870                DCMI_IRQHandler
                0x08005870                CAN2_RX0_IRQHandler
                0x08005870                DMA2_Stream3_IRQHandler
                0x08005870                USART6_IRQHandler
                0x08005870                USART3_IRQHandler
                0x08005870                CAN1_RX1_IRQHandler
                0x08005870                UART5_IRQHandler
                0x08005870                DMA2_Stream0_IRQHandler
                0x08005870                TIM4_IRQHandler
                0x08005870                I2C1_EV_IRQHandler
                0x08005870                DMA1_Stream6_IRQHandler
                0x08005870                DMA1_Stream1_IRQHandler
                0x08005870                UART4_IRQHandler
                0x08005870                TIM3_IRQHandler
                0x08005870                RCC_IRQHandler
                0x08005870                TIM8_BRK_TIM12_IRQHandler
                0x08005870                Default_Handler
                0x08005870                EXTI15_10_IRQHandler
                0x08005870                ADC_IRQHandler
                0x08005870                DMA1_Stream7_IRQHandler
                0x08005870                SPI5_IRQHandler
                0x08005870                TIM7_IRQHandler
                0x08005870                CAN2_TX_IRQHandler
                0x08005870                TIM5_IRQHandler
                0x08005870                DMA2_Stream7_IRQHandler
                0x08005870                I2C3_EV_IRQHandler
                0x08005870                EXTI9_5_IRQHandler
                0x08005870                RTC_WKUP_IRQHandler
                0x08005870                LTDC_IRQHandler
                0x08005870                ETH_WKUP_IRQHandler
                0x08005870                SPI2_IRQHandler
                0x08005870                OTG_HS_EP1_IN_IRQHandler
                0x08005870                DMA1_Stream0_IRQHandler
                0x08005870                CAN1_TX_IRQHandler
                0x08005870                EXTI4_IRQHandler
                0x08005870                ETH_IRQHandler
                0x08005870                OTG_HS_EP1_OUT_IRQHandler
                0x08005870                WWDG_IRQHandler
                0x08005870                SPI6_IRQHandler
                0x08005870                TIM2_IRQHandler
                0x08005870                OTG_FS_WKUP_IRQHandler
                0x08005870                TIM1_TRG_COM_TIM11_IRQHandler
                0x08005870                OTG_HS_IRQHandler
                0x08005870                DMA2D_IRQHandler
                0x08005870                EXTI1_IRQHandler
                0x08005870                UART7_IRQHandler
                0x08005870                USART2_IRQHandler
                0x08005870                I2C2_ER_IRQHandler
                0x08005870                DMA2_Stream1_IRQHandler
                0x08005870                CAN1_SCE_IRQHandler
                0x08005870                FLASH_IRQHandler
                0x08005870                DMA2_Stream4_IRQHandler
                0x08005870                USART1_IRQHandler
                0x08005870                OTG_FS_IRQHandler
                0x08005870                SPI3_IRQHandler
                0x08005870                DMA1_Stream4_IRQHandler
                0x08005870                I2C1_ER_IRQHandler
                0x08005870                FMC_IRQHandler
                0x08005870                DMA2_Stream6_IRQHandler
                0x08005870                SAI1_IRQHandler
                0x08005870                DMA1_Stream3_IRQHandler
 *fill*         0x08005872        0x2 
 .text.__libc_init_array
                0x08005874       0x48 c:/program files (x86)/atollic/truestudio for stm32 9.3.0/armtools/bin/../lib/gcc/arm-atollic-eabi/6.3.1/../../../../arm-atollic-eabi/lib/armv7e-m/fpu\libc_nano.a(lib_a-init.o)
                0x08005874                __libc_init_array
 .text.memcpy   0x080058bc       0x16 c:/program files (x86)/atollic/truestudio for stm32 9.3.0/armtools/bin/../lib/gcc/arm-atollic-eabi/6.3.1/../../../../arm-atollic-eabi/lib/armv7e-m/fpu\libc_nano.a(lib_a-memcpy-stub.o)
                0x080058bc                memcpy
 .text.memset   0x080058d2       0x10 c:/program files (x86)/atollic/truestudio for stm32 9.3.0/armtools/bin/../lib/gcc/arm-atollic-eabi/6.3.1/../../../../arm-atollic-eabi/lib/armv7e-m/fpu\libc_nano.a(lib_a-memset.o)
                0x080058d2                memset
 *(.glue_7)
 .glue_7        0x080058e2        0x0 linker stubs
 *(.glue_7t)
 .glue_7t       0x080058e2        0x0 linker stubs
 *(.eh_frame)
 *fill*         0x080058e2        0x2 
 .eh_frame      0x080058e4        0x0 c:/program files (x86)/atollic/truestudio for stm32 9.3.0/armtools/bin/../lib/gcc/arm-atollic-eabi/6.3.1/armv7e-m/fpu/crtbegin.o
 *(.init)
 .init          0x080058e4        0x4 c:/program files (x86)/atollic/truestudio for stm32 9.3.0/armtools/bin/../lib/gcc/arm-atollic-eabi/6.3.1/armv7e-m/fpu/crti.o
                0x080058e4                _init
 .init          0x080058e8        0x8 c:/program files (x86)/atollic/truestudio for stm32 9.3.0/armtools/bin/../lib/gcc/arm-atollic-eabi/6.3.1/armv7e-m/fpu/crtn.o
 *(.fini)
 .fini          0x080058f0        0x4 c:/program files (x86)/atollic/truestudio for stm32 9.3.0/armtools/bin/../lib/gcc/arm-atollic-eabi/6.3.1/armv7e-m/fpu/crti.o
                0x080058f0                _fini
 .fini          0x080058f4        0x8 c:/program files (x86)/atollic/truestudio for stm32 9.3.0/armtools/bin/../lib/gcc/arm-atollic-eabi/6.3.1/armv7e-m/fpu/crtn.o
                0x080058fc                . = ALIGN (0x4)
                0x080058fc                _etext = .

.vfp11_veneer   0x080058fc        0x0
 .vfp11_veneer  0x080058fc        0x0 linker stubs

.v4_bx          0x080058fc        0x0
 .v4_bx         0x080058fc        0x0 linker stubs

.iplt           0x080058fc        0x0
 .iplt          0x080058fc        0x0 c:/program files (x86)/atollic/truestudio for stm32 9.3.0/armtools/bin/../lib/gcc/arm-atollic-eabi/6.3.1/armv7e-m/fpu/crtbegin.o

.rodata         0x080058fc     0x490c
                0x080058fc                . = ALIGN (0x4)
 *(.rodata)
 *(.rodata*)
 .rodata.vTaskStartScheduler.str1.1
                0x080058fc        0x5 Middlewares\Third_Party\FreeRTOS\Source\tasks.o
 .rodata.prvCheckForValidListAndQueue.str1.1
                0x08005901        0x5 Middlewares\Third_Party\FreeRTOS\Source\timers.o
 .rodata.xTimerCreateTimerTask.str1.1
                0x08005906        0x8 Middlewares\Third_Party\FreeRTOS\Source\timers.o
 .rodata.APP_Game_Over.str1.1
                0x0800590e       0x16 Src\freertos.o
 .rodata.APP_Setting.str1.1
                0x08005924       0x1f Src\freertos.o
 .rodata.KeyCodeDown
                0x08005943        0x1 Src\freertos.o
                0x08005943                KeyCodeDown
 .rodata.KeyCodeLeft
                0x08005944        0x1 Src\freertos.o
                0x08005944                KeyCodeLeft
 .rodata.KeyCodeRight
                0x08005945        0x1 Src\freertos.o
                0x08005945                KeyCodeRight
 .rodata.KeyCodeUp
                0x08005946        0x1 Src\freertos.o
                0x08005946                KeyCodeUp
 .rodata.MX_FREERTOS_Init.str1.1
                0x08005947       0x79 Src\freertos.o
 .rodata.StartTask08.str1.1
                0x080059c0        0x9 Src\freertos.o
 .rodata.AUTHOR_InterFace.str1.1
                0x080059c9       0x6c Src\sanke.o
 .rodata.OVER_InterFace.str1.1
                0x08005a35        0xa Src\sanke.o
 .rodata.RECORD_InterFace.str1.1
                0x08005a3f       0x22 Src\sanke.o
 .rodata.SET_InterFace.str1.1
                0x08005a61       0x1b Src\sanke.o
 .rodata.START_InterFace.str1.1
                0x08005a7c       0x24 Src\sanke.o
                                 0x2b (size before relaxing)
 .rodata.Snake_Init.str1.1
                0x08005aa0        0x7 Src\sanke.o
 .rodata.AHBPrescTable
                0x08005aa7       0x10 Src\system_stm32f4xx.o
                0x08005aa7                AHBPrescTable
 .rodata.APBPrescTable
                0x08005ab7        0x8 Src\system_stm32f4xx.o
                0x08005ab7                APBPrescTable
 .rodata.CSWTCH.40
                0x08005abf        0x7 TFT_LCD\lcd.o
 .rodata.asc2_1206
                0x08005ac6      0x474 TFT_LCD\lcd.o
                0x08005ac6                asc2_1206
 .rodata.asc2_1608
                0x08005f3a      0x5f0 TFT_LCD\lcd.o
                0x08005f3a                asc2_1608
 .rodata.asc2_2412
                0x0800652a      0xd5c TFT_LCD\lcd.o
                0x0800652a                asc2_2412
 .rodata.asc2_3216
                0x08007286     0x2f80 TFT_LCD\lcd.o
                0x08007286                asc2_3216
                0x0800a208                . = ALIGN (0x4)
 *fill*         0x0800a206        0x2 

.ARM.extab
 *(.ARM.extab* .gnu.linkonce.armextab.*)

.ARM            0x0800a208        0x8
                0x0800a208                __exidx_start = .
 *(.ARM.exidx*)
 .ARM.exidx     0x0800a208        0x8 c:/program files (x86)/atollic/truestudio for stm32 9.3.0/armtools/bin/../lib/gcc/arm-atollic-eabi/6.3.1/armv7e-m/fpu\libgcc.a(_udivmoddi4.o)
                0x0800a210                __exidx_end = .

.rel.dyn        0x0800a210        0x0
 .rel.iplt      0x0800a210        0x0 c:/program files (x86)/atollic/truestudio for stm32 9.3.0/armtools/bin/../lib/gcc/arm-atollic-eabi/6.3.1/armv7e-m/fpu/crtbegin.o

.preinit_array  0x0800a210        0x0
                0x0800a210                PROVIDE (__preinit_array_start, .)
 *(.preinit_array*)
                0x0800a210                PROVIDE (__preinit_array_end, .)

.init_array     0x0800a210        0x4
                0x0800a210                PROVIDE (__init_array_start, .)
 *(SORT(.init_array.*))
 *(.init_array*)
 .init_array    0x0800a210        0x4 c:/program files (x86)/atollic/truestudio for stm32 9.3.0/armtools/bin/../lib/gcc/arm-atollic-eabi/6.3.1/armv7e-m/fpu/crtbegin.o
                0x0800a214                PROVIDE (__init_array_end, .)

.fini_array     0x0800a214        0x4
                [!provide]                PROVIDE (__fini_array_start, .)
 *(SORT(.fini_array.*))
 *(.fini_array*)
 .fini_array    0x0800a214        0x4 c:/program files (x86)/atollic/truestudio for stm32 9.3.0/armtools/bin/../lib/gcc/arm-atollic-eabi/6.3.1/armv7e-m/fpu/crtbegin.o
                [!provide]                PROVIDE (__fini_array_end, .)
                0x0800a218                _sidata = LOADADDR (.data)

.data           0x20000000       0x18 load address 0x0800a218
                0x20000000                . = ALIGN (0x4)
                0x20000000                _sdata = .
 *(.data)
 *(.data*)
 .data.uwTickFreq
                0x20000000        0x1 Drivers\STM32F4xx_HAL_Driver\Src\stm32f4xx_hal.o
                0x20000000                uwTickFreq
 *fill*         0x20000001        0x3 
 .data.uxCriticalNesting
                0x20000004        0x4 Middlewares\Third_Party\FreeRTOS\Source\portable\GCC\ARM_CM4F\port.o
 .data.KEYSET   0x20000008        0x1 Src\freertos.o
                0x20000008                KEYSET
 *fill*         0x20000009        0x3 
 .data.SystemCoreClock
                0x2000000c        0x4 Src\system_stm32f4xx.o
                0x2000000c                SystemCoreClock
 .data.LCD_FS   0x20000010        0x1 TFT_LCD\lcd.o
                0x20000010                LCD_FS
 *fill*         0x20000011        0x3 
 .data.lcdFRONT_COLOR
                0x20000014        0x4 TFT_LCD\lcd.o
                0x20000014                lcdFRONT_COLOR
                0x20000018                . = ALIGN (0x4)
                0x20000018                _edata = .
                0x0800a230                _siccmram = LOADADDR (.ccmram)

.igot.plt       0x20000018        0x0 load address 0x0800a230
 .igot.plt      0x20000018        0x0 c:/program files (x86)/atollic/truestudio for stm32 9.3.0/armtools/bin/../lib/gcc/arm-atollic-eabi/6.3.1/armv7e-m/fpu/crtbegin.o

.ccmram         0x10000000        0x0 load address 0x0800a230
                0x10000000                . = ALIGN (0x4)
                0x10000000                _sccmram = .
 *(.ccmram)
 *(.ccmram*)
                0x10000000                . = ALIGN (0x4)
                0x10000000                _eccmram = .
                0x10000000                . = ALIGN (0x4)

.bss            0x20000018     0x54ac
                0x20000018                _sbss = .
                0x20000018                __bss_start__ = _sbss
 *(.bss)
 .bss           0x20000018       0x1c c:/program files (x86)/atollic/truestudio for stm32 9.3.0/armtools/bin/../lib/gcc/arm-atollic-eabi/6.3.1/armv7e-m/fpu/crtbegin.o
 *(.bss*)
 .bss.Idle_Stack
                0x20000034      0x200 Middlewares\Third_Party\FreeRTOS\Source\CMSIS_RTOS_V2\cmsis_os2.o
 .bss.Idle_TCB  0x20000234       0x5c Middlewares\Third_Party\FreeRTOS\Source\CMSIS_RTOS_V2\cmsis_os2.o
 .bss.KernelState
                0x20000290        0x4 Middlewares\Third_Party\FreeRTOS\Source\CMSIS_RTOS_V2\cmsis_os2.o
 .bss.Timer_Stack
                0x20000294      0x400 Middlewares\Third_Party\FreeRTOS\Source\CMSIS_RTOS_V2\cmsis_os2.o
 .bss.Timer_TCB
                0x20000694       0x5c Middlewares\Third_Party\FreeRTOS\Source\CMSIS_RTOS_V2\cmsis_os2.o
 .bss.ucMaxSysCallPriority
                0x200006f0        0x1 Middlewares\Third_Party\FreeRTOS\Source\portable\GCC\ARM_CM4F\port.o
 *fill*         0x200006f1        0x3 
 .bss.ulMaxPRIGROUPValue
                0x200006f4        0x4 Middlewares\Third_Party\FreeRTOS\Source\portable\GCC\ARM_CM4F\port.o
 .bss.pxEnd     0x200006f8        0x4 Middlewares\Third_Party\FreeRTOS\Source\portable\MemMang\heap_4.o
 .bss.ucHeap    0x200006fc     0x3c00 Middlewares\Third_Party\FreeRTOS\Source\portable\MemMang\heap_4.o
 .bss.xBlockAllocatedBit
                0x200042fc        0x4 Middlewares\Third_Party\FreeRTOS\Source\portable\MemMang\heap_4.o
 .bss.xFreeBytesRemaining
                0x20004300        0x4 Middlewares\Third_Party\FreeRTOS\Source\portable\MemMang\heap_4.o
 .bss.xMinimumEverFreeBytesRemaining
                0x20004304        0x4 Middlewares\Third_Party\FreeRTOS\Source\portable\MemMang\heap_4.o
 .bss.xStart    0x20004308        0x8 Middlewares\Third_Party\FreeRTOS\Source\portable\MemMang\heap_4.o
 .bss.pxCurrentTCB
                0x20004310        0x4 Middlewares\Third_Party\FreeRTOS\Source\tasks.o
                0x20004310                pxCurrentTCB
 .bss.pxDelayedTaskList
                0x20004314        0x4 Middlewares\Third_Party\FreeRTOS\Source\tasks.o
 .bss.pxOverflowDelayedTaskList
                0x20004318        0x4 Middlewares\Third_Party\FreeRTOS\Source\tasks.o
 .bss.pxReadyTasksLists
                0x2000431c      0x460 Middlewares\Third_Party\FreeRTOS\Source\tasks.o
 .bss.uxCurrentNumberOfTasks
                0x2000477c        0x4 Middlewares\Third_Party\FreeRTOS\Source\tasks.o
 .bss.uxDeletedTasksWaitingCleanUp
                0x20004780        0x4 Middlewares\Third_Party\FreeRTOS\Source\tasks.o
 .bss.uxPendedTicks
                0x20004784        0x4 Middlewares\Third_Party\FreeRTOS\Source\tasks.o
 .bss.uxSchedulerSuspended
                0x20004788        0x4 Middlewares\Third_Party\FreeRTOS\Source\tasks.o
 .bss.uxTaskNumber
                0x2000478c        0x4 Middlewares\Third_Party\FreeRTOS\Source\tasks.o
 .bss.uxTopReadyPriority
                0x20004790        0x4 Middlewares\Third_Party\FreeRTOS\Source\tasks.o
 .bss.xDelayedTaskList1
                0x20004794       0x14 Middlewares\Third_Party\FreeRTOS\Source\tasks.o
 .bss.xDelayedTaskList2
                0x200047a8       0x14 Middlewares\Third_Party\FreeRTOS\Source\tasks.o
 .bss.xNextTaskUnblockTime
                0x200047bc        0x4 Middlewares\Third_Party\FreeRTOS\Source\tasks.o
 .bss.xNumOfOverflows
                0x200047c0        0x4 Middlewares\Third_Party\FreeRTOS\Source\tasks.o
 .bss.xPendingReadyList
                0x200047c4       0x14 Middlewares\Third_Party\FreeRTOS\Source\tasks.o
 .bss.xSchedulerRunning
                0x200047d8        0x4 Middlewares\Third_Party\FreeRTOS\Source\tasks.o
 .bss.xSuspendedTaskList
                0x200047dc       0x14 Middlewares\Third_Party\FreeRTOS\Source\tasks.o
 .bss.xTasksWaitingTermination
                0x200047f0       0x14 Middlewares\Third_Party\FreeRTOS\Source\tasks.o
 .bss.xTickCount
                0x20004804        0x4 Middlewares\Third_Party\FreeRTOS\Source\tasks.o
 .bss.xYieldPending
                0x20004808        0x4 Middlewares\Third_Party\FreeRTOS\Source\tasks.o
 .bss.pxCurrentTimerList
                0x2000480c        0x4 Middlewares\Third_Party\FreeRTOS\Source\timers.o
 .bss.pxOverflowTimerList
                0x20004810        0x4 Middlewares\Third_Party\FreeRTOS\Source\timers.o
 .bss.ucStaticTimerQueueStorage.6636
                0x20004814       0xa0 Middlewares\Third_Party\FreeRTOS\Source\timers.o
 .bss.xActiveTimerList1
                0x200048b4       0x14 Middlewares\Third_Party\FreeRTOS\Source\timers.o
 .bss.xActiveTimerList2
                0x200048c8       0x14 Middlewares\Third_Party\FreeRTOS\Source\timers.o
 .bss.xLastTime.6585
                0x200048dc        0x4 Middlewares\Third_Party\FreeRTOS\Source\timers.o
 .bss.xStaticTimerQueue.6635
                0x200048e0       0x50 Middlewares\Third_Party\FreeRTOS\Source\timers.o
 .bss.xTimerQueue
                0x20004930        0x4 Middlewares\Third_Party\FreeRTOS\Source\timers.o
 .bss.xTimerTaskHandle
                0x20004934        0x4 Middlewares\Third_Party\FreeRTOS\Source\timers.o
 .bss.FMC_Initialized
                0x20004938        0x4 Src\fmc.o
 .bss.lcdBACK_COLOR
                0x2000493c        0x4 TFT_LCD\lcd.o
                0x2000493c                lcdBACK_COLOR
 *(COMMON)
 COMMON         0x20004940        0x4 Drivers\STM32F4xx_HAL_Driver\Src\stm32f4xx_hal.o
                0x20004940                uwTick
 COMMON         0x20004944       0x40 Middlewares\Third_Party\FreeRTOS\Source\queue.o
                0x20004944                xQueueRegistry
 COMMON         0x20004984       0x50 Src\fmc.o
                0x20004984                hsram1
 COMMON         0x200049d4      0xa68 Src\freertos.o
                0x200049d4                KEY_SCANHandle
                0x200049d8                GAMEOVERTASKHandle
                0x200049dc                SHOW_AUTHORHandle
                0x200049e0                RECORD
                0x200049e4                DIR
                0x200049e8                LCD_SHOWHandle
                0x200049ec                SHOW_RECORDHandle
                0x200049f0                Food
                0x200049f8                Queue_key2Handle
                0x200049fc                KEY
                0x20004a00                LED_BLINKHandle
                0x20004a04                Game_StartHandle
                0x20004a08                SETTTINGHandle
                0x20004a0c                Rule_JudgmentHandle
                0x20004a10                Queue_KeysHandle
                0x20004a14                Snake
 COMMON         0x2000543c       0x10 Src\rng.o
                0x2000543c                hrng
 COMMON         0x2000544c       0x20 Src\rtc.o
                0x2000544c                hrtc
 COMMON         0x2000546c       0x40 Src\stm32f4xx_hal_timebase_tim.o
                0x2000546c                htim6
 COMMON         0x200054ac       0x16 TFT_LCD\lcd.o
                0x200054ac                LCD_W
                0x200054ae                LCD_CurPosY
                0x200054b0                LCD_H
                0x200054b2                lcddev
                0x200054c0                LCD_CurPosX
                0x200054c4                . = ALIGN (0x4)
 *fill*         0x200054c2        0x2 
                0x200054c4                _ebss = .
                0x200054c4                __bss_end__ = _ebss

._user_heap_stack
                0x200054c4      0x600
                0x200054c4                . = ALIGN (0x4)
                0x200054c4                PROVIDE (end, .)
                [!provide]                PROVIDE (_end, .)
                0x200056c4                . = (. + _Min_Heap_Size)
 *fill*         0x200054c4      0x200 
                0x20005ac4                . = (. + _Min_Stack_Size)
 *fill*         0x200056c4      0x400 
                0x20005ac4                . = ALIGN (0x4)

/DISCARD/
 libc.a(*)
 libm.a(*)
 libgcc.a(*)

.ARM.attributes
                0x00000000       0x30
 *(.ARM.attributes)
 .ARM.attributes
                0x00000000       0x22 c:/program files (x86)/atollic/truestudio for stm32 9.3.0/armtools/bin/../lib/gcc/arm-atollic-eabi/6.3.1/armv7e-m/fpu/crti.o
 .ARM.attributes
                0x00000022       0x34 c:/program files (x86)/atollic/truestudio for stm32 9.3.0/armtools/bin/../lib/gcc/arm-atollic-eabi/6.3.1/armv7e-m/fpu/crtbegin.o
 .ARM.attributes
                0x00000056       0x39 Drivers\STM32F4xx_HAL_Driver\Src\stm32f4xx_hal.o
 .ARM.attributes
                0x0000008f       0x39 Drivers\STM32F4xx_HAL_Driver\Src\stm32f4xx_hal_cortex.o
 .ARM.attributes
                0x000000c8       0x39 Drivers\STM32F4xx_HAL_Driver\Src\stm32f4xx_hal_gpio.o
 .ARM.attributes
                0x00000101       0x39 Drivers\STM32F4xx_HAL_Driver\Src\stm32f4xx_hal_rcc.o
 .ARM.attributes
                0x0000013a       0x39 Drivers\STM32F4xx_HAL_Driver\Src\stm32f4xx_hal_rcc_ex.o
 .ARM.attributes
                0x00000173       0x39 Drivers\STM32F4xx_HAL_Driver\Src\stm32f4xx_hal_rng.o
 .ARM.attributes
                0x000001ac       0x39 Drivers\STM32F4xx_HAL_Driver\Src\stm32f4xx_hal_rtc.o
 .ARM.attributes
                0x000001e5       0x39 Drivers\STM32F4xx_HAL_Driver\Src\stm32f4xx_hal_rtc_ex.o
 .ARM.attributes
                0x0000021e       0x39 Drivers\STM32F4xx_HAL_Driver\Src\stm32f4xx_hal_sram.o
 .ARM.attributes
                0x00000257       0x39 Drivers\STM32F4xx_HAL_Driver\Src\stm32f4xx_hal_tim.o
 .ARM.attributes
                0x00000290       0x39 Drivers\STM32F4xx_HAL_Driver\Src\stm32f4xx_hal_tim_ex.o
 .ARM.attributes
                0x000002c9       0x39 Drivers\STM32F4xx_HAL_Driver\Src\stm32f4xx_ll_fmc.o
 .ARM.attributes
                0x00000302       0x39 Middlewares\Third_Party\FreeRTOS\Source\CMSIS_RTOS_V2\cmsis_os2.o
 .ARM.attributes
                0x0000033b       0x39 Middlewares\Third_Party\FreeRTOS\Source\list.o
 .ARM.attributes
                0x00000374       0x39 Middlewares\Third_Party\FreeRTOS\Source\portable\GCC\ARM_CM4F\port.o
 .ARM.attributes
                0x000003ad       0x39 Middlewares\Third_Party\FreeRTOS\Source\portable\MemMang\heap_4.o
 .ARM.attributes
                0x000003e6       0x39 Middlewares\Third_Party\FreeRTOS\Source\queue.o
 .ARM.attributes
                0x0000041f       0x39 Middlewares\Third_Party\FreeRTOS\Source\tasks.o
 .ARM.attributes
                0x00000458       0x39 Middlewares\Third_Party\FreeRTOS\Source\timers.o
 .ARM.attributes
                0x00000491       0x39 Src\fmc.o
 .ARM.attributes
                0x000004ca       0x39 Src\freertos.o
 .ARM.attributes
                0x00000503       0x39 Src\gpio.o
 .ARM.attributes
                0x0000053c       0x39 Src\main.o
 .ARM.attributes
                0x00000575       0x39 Src\rng.o
 .ARM.attributes
                0x000005ae       0x39 Src\rtc.o
 .ARM.attributes
                0x000005e7       0x39 Src\sanke.o
 .ARM.attributes
                0x00000620       0x39 Src\stm32f4xx_hal_msp.o
 .ARM.attributes
                0x00000659       0x39 Src\stm32f4xx_hal_timebase_tim.o
 .ARM.attributes
                0x00000692       0x39 Src\stm32f4xx_it.o
 .ARM.attributes
                0x000006cb       0x39 Src\system_stm32f4xx.o
 .ARM.attributes
                0x00000704       0x39 TFT_LCD\lcd.o
 .ARM.attributes
                0x0000073d       0x21 startup\startup_stm32f429xx.o
 .ARM.attributes
                0x0000075e       0x34 c:/program files (x86)/atollic/truestudio for stm32 9.3.0/armtools/bin/../lib/gcc/arm-atollic-eabi/6.3.1/../../../../arm-atollic-eabi/lib/armv7e-m/fpu\libc_nano.a(lib_a-init.o)
 .ARM.attributes
                0x00000792       0x34 c:/program files (x86)/atollic/truestudio for stm32 9.3.0/armtools/bin/../lib/gcc/arm-atollic-eabi/6.3.1/../../../../arm-atollic-eabi/lib/armv7e-m/fpu\libc_nano.a(lib_a-memcpy-stub.o)
 .ARM.attributes
                0x000007c6       0x34 c:/program files (x86)/atollic/truestudio for stm32 9.3.0/armtools/bin/../lib/gcc/arm-atollic-eabi/6.3.1/../../../../arm-atollic-eabi/lib/armv7e-m/fpu\libc_nano.a(lib_a-memset.o)
 .ARM.attributes
                0x000007fa       0x22 c:/program files (x86)/atollic/truestudio for stm32 9.3.0/armtools/bin/../lib/gcc/arm-atollic-eabi/6.3.1/armv7e-m/fpu\libgcc.a(_aeabi_uldivmod.o)
 .ARM.attributes
                0x0000081c       0x34 c:/program files (x86)/atollic/truestudio for stm32 9.3.0/armtools/bin/../lib/gcc/arm-atollic-eabi/6.3.1/armv7e-m/fpu\libgcc.a(_udivmoddi4.o)
 .ARM.attributes
                0x00000850       0x22 c:/program files (x86)/atollic/truestudio for stm32 9.3.0/armtools/bin/../lib/gcc/arm-atollic-eabi/6.3.1/armv7e-m/fpu\libgcc.a(_dvmd_tls.o)
 .ARM.attributes
                0x00000872       0x22 c:/program files (x86)/atollic/truestudio for stm32 9.3.0/armtools/bin/../lib/gcc/arm-atollic-eabi/6.3.1/armv7e-m/fpu/crtn.o
OUTPUT(Snake_FreeRtos.elf elf32-littlearm)

.debug_info     0x00000000    0x245dd
 .debug_info    0x00000000      0xa63 Drivers\STM32F4xx_HAL_Driver\Src\stm32f4xx_hal.o
 .debug_info    0x00000a63      0xf6f Drivers\STM32F4xx_HAL_Driver\Src\stm32f4xx_hal_cortex.o
 .debug_info    0x000019d2      0x78f Drivers\STM32F4xx_HAL_Driver\Src\stm32f4xx_hal_gpio.o
 .debug_info    0x00002161      0xa71 Drivers\STM32F4xx_HAL_Driver\Src\stm32f4xx_hal_rcc.o
 .debug_info    0x00002bd2      0x7e0 Drivers\STM32F4xx_HAL_Driver\Src\stm32f4xx_hal_rcc_ex.o
 .debug_info    0x000033b2      0x5c9 Drivers\STM32F4xx_HAL_Driver\Src\stm32f4xx_hal_rng.o
 .debug_info    0x0000397b      0xe86 Drivers\STM32F4xx_HAL_Driver\Src\stm32f4xx_hal_rtc.o
 .debug_info    0x00004801     0x107b Drivers\STM32F4xx_HAL_Driver\Src\stm32f4xx_hal_rtc_ex.o
 .debug_info    0x0000587c      0xbcb Drivers\STM32F4xx_HAL_Driver\Src\stm32f4xx_hal_sram.o
 .debug_info    0x00006447     0x34cf Drivers\STM32F4xx_HAL_Driver\Src\stm32f4xx_hal_tim.o
 .debug_info    0x00009916     0x12fe Drivers\STM32F4xx_HAL_Driver\Src\stm32f4xx_hal_tim_ex.o
 .debug_info    0x0000ac14      0xf15 Drivers\STM32F4xx_HAL_Driver\Src\stm32f4xx_ll_fmc.o
 .debug_info    0x0000bb29     0x4990 Middlewares\Third_Party\FreeRTOS\Source\CMSIS_RTOS_V2\cmsis_os2.o
 .debug_info    0x000104b9      0xac5 Middlewares\Third_Party\FreeRTOS\Source\list.o
 .debug_info    0x00010f7e      0x572 Middlewares\Third_Party\FreeRTOS\Source\portable\GCC\ARM_CM4F\port.o
 .debug_info    0x000114f0      0xca5 Middlewares\Third_Party\FreeRTOS\Source\portable\MemMang\heap_4.o
 .debug_info    0x00012195     0x2ce4 Middlewares\Third_Party\FreeRTOS\Source\queue.o
 .debug_info    0x00014e79     0x3604 Middlewares\Third_Party\FreeRTOS\Source\tasks.o
 .debug_info    0x0001847d     0x2109 Middlewares\Third_Party\FreeRTOS\Source\timers.o
 .debug_info    0x0001a586      0xb08 Src\fmc.o
 .debug_info    0x0001b08e     0x1c11 Src\freertos.o
 .debug_info    0x0001cc9f      0x5e4 Src\gpio.o
 .debug_info    0x0001d283     0x13f7 Src\main.o
 .debug_info    0x0001e67a      0x4c4 Src\rng.o
 .debug_info    0x0001eb3e      0x9ec Src\rtc.o
 .debug_info    0x0001f52a     0x10f6 Src\sanke.o
 .debug_info    0x00020620      0x5b0 Src\stm32f4xx_hal_msp.o
 .debug_info    0x00020bd0      0xbf2 Src\stm32f4xx_hal_timebase_tim.o
 .debug_info    0x000217c2      0x682 Src\stm32f4xx_it.o
 .debug_info    0x00021e44      0x524 Src\system_stm32f4xx.o
 .debug_info    0x00022368     0x2210 TFT_LCD\lcd.o
 .debug_info    0x00024578       0x65 startup\startup_stm32f429xx.o

.debug_abbrev   0x00000000     0x4bca
 .debug_abbrev  0x00000000      0x23d Drivers\STM32F4xx_HAL_Driver\Src\stm32f4xx_hal.o
 .debug_abbrev  0x0000023d      0x314 Drivers\STM32F4xx_HAL_Driver\Src\stm32f4xx_hal_cortex.o
 .debug_abbrev  0x00000551      0x1ef Drivers\STM32F4xx_HAL_Driver\Src\stm32f4xx_hal_gpio.o
 .debug_abbrev  0x00000740      0x2cb Drivers\STM32F4xx_HAL_Driver\Src\stm32f4xx_hal_rcc.o
 .debug_abbrev  0x00000a0b      0x172 Drivers\STM32F4xx_HAL_Driver\Src\stm32f4xx_hal_rcc_ex.o
 .debug_abbrev  0x00000b7d      0x24f Drivers\STM32F4xx_HAL_Driver\Src\stm32f4xx_hal_rng.o
 .debug_abbrev  0x00000dcc      0x240 Drivers\STM32F4xx_HAL_Driver\Src\stm32f4xx_hal_rtc.o
 .debug_abbrev  0x0000100c      0x24f Drivers\STM32F4xx_HAL_Driver\Src\stm32f4xx_hal_rtc_ex.o
 .debug_abbrev  0x0000125b      0x232 Drivers\STM32F4xx_HAL_Driver\Src\stm32f4xx_hal_sram.o
 .debug_abbrev  0x0000148d      0x324 Drivers\STM32F4xx_HAL_Driver\Src\stm32f4xx_hal_tim.o
 .debug_abbrev  0x000017b1      0x29c Drivers\STM32F4xx_HAL_Driver\Src\stm32f4xx_hal_tim_ex.o
 .debug_abbrev  0x00001a4d      0x1b4 Drivers\STM32F4xx_HAL_Driver\Src\stm32f4xx_ll_fmc.o
 .debug_abbrev  0x00001c01      0x472 Middlewares\Third_Party\FreeRTOS\Source\CMSIS_RTOS_V2\cmsis_os2.o
 .debug_abbrev  0x00002073      0x1ea Middlewares\Third_Party\FreeRTOS\Source\list.o
 .debug_abbrev  0x0000225d      0x23a Middlewares\Third_Party\FreeRTOS\Source\portable\GCC\ARM_CM4F\port.o
 .debug_abbrev  0x00002497      0x314 Middlewares\Third_Party\FreeRTOS\Source\portable\MemMang\heap_4.o
 .debug_abbrev  0x000027ab      0x3fb Middlewares\Third_Party\FreeRTOS\Source\queue.o
 .debug_abbrev  0x00002ba6      0x433 Middlewares\Third_Party\FreeRTOS\Source\tasks.o
 .debug_abbrev  0x00002fd9      0x3de Middlewares\Third_Party\FreeRTOS\Source\timers.o
 .debug_abbrev  0x000033b7      0x22e Src\fmc.o
 .debug_abbrev  0x000035e5      0x28d Src\freertos.o
 .debug_abbrev  0x00003872      0x173 Src\gpio.o
 .debug_abbrev  0x000039e5      0x272 Src\main.o
 .debug_abbrev  0x00003c57      0x185 Src\rng.o
 .debug_abbrev  0x00003ddc      0x1c9 Src\rtc.o
 .debug_abbrev  0x00003fa5      0x277 Src\sanke.o
 .debug_abbrev  0x0000421c      0x137 Src\stm32f4xx_hal_msp.o
 .debug_abbrev  0x00004353      0x1e7 Src\stm32f4xx_hal_timebase_tim.o
 .debug_abbrev  0x0000453a      0x1a4 Src\stm32f4xx_it.o
 .debug_abbrev  0x000046de      0x10e Src\system_stm32f4xx.o
 .debug_abbrev  0x000047ec      0x3cc TFT_LCD\lcd.o
 .debug_abbrev  0x00004bb8       0x12 startup\startup_stm32f429xx.o

.debug_loc      0x00000000     0xf801
 .debug_loc     0x00000000      0x11b Drivers\STM32F4xx_HAL_Driver\Src\stm32f4xx_hal.o
 .debug_loc     0x0000011b      0x4fb Drivers\STM32F4xx_HAL_Driver\Src\stm32f4xx_hal_cortex.o
 .debug_loc     0x00000616      0x36d Drivers\STM32F4xx_HAL_Driver\Src\stm32f4xx_hal_gpio.o
 .debug_loc     0x00000983      0x336 Drivers\STM32F4xx_HAL_Driver\Src\stm32f4xx_hal_rcc.o
 .debug_loc     0x00000cb9      0x3d5 Drivers\STM32F4xx_HAL_Driver\Src\stm32f4xx_hal_rcc_ex.o
 .debug_loc     0x0000108e      0x2d9 Drivers\STM32F4xx_HAL_Driver\Src\stm32f4xx_hal_rng.o
 .debug_loc     0x00001367      0x821 Drivers\STM32F4xx_HAL_Driver\Src\stm32f4xx_hal_rtc.o
 .debug_loc     0x00001b88      0xb6d Drivers\STM32F4xx_HAL_Driver\Src\stm32f4xx_hal_rtc_ex.o
 .debug_loc     0x000026f5      0x761 Drivers\STM32F4xx_HAL_Driver\Src\stm32f4xx_hal_sram.o
 .debug_loc     0x00002e56     0x3009 Drivers\STM32F4xx_HAL_Driver\Src\stm32f4xx_hal_tim.o
 .debug_loc     0x00005e5f      0xa7c Drivers\STM32F4xx_HAL_Driver\Src\stm32f4xx_hal_tim_ex.o
 .debug_loc     0x000068db      0x9a3 Drivers\STM32F4xx_HAL_Driver\Src\stm32f4xx_ll_fmc.o
 .debug_loc     0x0000727e     0x2b0d Middlewares\Third_Party\FreeRTOS\Source\CMSIS_RTOS_V2\cmsis_os2.o
 .debug_loc     0x00009d8b       0x94 Middlewares\Third_Party\FreeRTOS\Source\list.o
 .debug_loc     0x00009e1f       0xcf Middlewares\Third_Party\FreeRTOS\Source\portable\GCC\ARM_CM4F\port.o
 .debug_loc     0x00009eee      0x390 Middlewares\Third_Party\FreeRTOS\Source\portable\MemMang\heap_4.o
 .debug_loc     0x0000a27e     0x14f2 Middlewares\Third_Party\FreeRTOS\Source\queue.o
 .debug_loc     0x0000b770     0x1aa5 Middlewares\Third_Party\FreeRTOS\Source\tasks.o
 .debug_loc     0x0000d215      0xbe6 Middlewares\Third_Party\FreeRTOS\Source\timers.o
 .debug_loc     0x0000ddfb       0x4d Src\fmc.o
 .debug_loc     0x0000de48      0x30c Src\freertos.o
 .debug_loc     0x0000e154       0x2c Src\main.o
 .debug_loc     0x0000e180       0x60 Src\rtc.o
 .debug_loc     0x0000e1e0      0x26b Src\sanke.o
 .debug_loc     0x0000e44b       0xa5 Src\stm32f4xx_hal_timebase_tim.o
 .debug_loc     0x0000e4f0      0x11c Src\system_stm32f4xx.o
 .debug_loc     0x0000e60c     0x11f5 TFT_LCD\lcd.o

.debug_aranges  0x00000000     0x14f8
 .debug_aranges
                0x00000000       0xf8 Drivers\STM32F4xx_HAL_Driver\Src\stm32f4xx_hal.o
 .debug_aranges
                0x000000f8       0xa8 Drivers\STM32F4xx_HAL_Driver\Src\stm32f4xx_hal_cortex.o
 .debug_aranges
                0x000001a0       0x58 Drivers\STM32F4xx_HAL_Driver\Src\stm32f4xx_hal_gpio.o
 .debug_aranges
                0x000001f8       0x88 Drivers\STM32F4xx_HAL_Driver\Src\stm32f4xx_hal_rcc.o
 .debug_aranges
                0x00000280       0x58 Drivers\STM32F4xx_HAL_Driver\Src\stm32f4xx_hal_rcc_ex.o
 .debug_aranges
                0x000002d8       0x78 Drivers\STM32F4xx_HAL_Driver\Src\stm32f4xx_hal_rng.o
 .debug_aranges
                0x00000350       0xa8 Drivers\STM32F4xx_HAL_Driver\Src\stm32f4xx_hal_rtc.o
 .debug_aranges
                0x000003f8      0x110 Drivers\STM32F4xx_HAL_Driver\Src\stm32f4xx_hal_rtc_ex.o
 .debug_aranges
                0x00000508       0x88 Drivers\STM32F4xx_HAL_Driver\Src\stm32f4xx_hal_sram.o
 .debug_aranges
                0x00000590      0x278 Drivers\STM32F4xx_HAL_Driver\Src\stm32f4xx_hal_tim.o
 .debug_aranges
                0x00000808       0xf8 Drivers\STM32F4xx_HAL_Driver\Src\stm32f4xx_hal_tim_ex.o
 .debug_aranges
                0x00000900       0xf0 Drivers\STM32F4xx_HAL_Driver\Src\stm32f4xx_ll_fmc.o
 .debug_aranges
                0x000009f0      0x218 Middlewares\Third_Party\FreeRTOS\Source\CMSIS_RTOS_V2\cmsis_os2.o
 .debug_aranges
                0x00000c08       0x40 Middlewares\Third_Party\FreeRTOS\Source\list.o
 .debug_aranges
                0x00000c48       0x80 Middlewares\Third_Party\FreeRTOS\Source\portable\GCC\ARM_CM4F\port.o
 .debug_aranges
                0x00000cc8       0x48 Middlewares\Third_Party\FreeRTOS\Source\portable\MemMang\heap_4.o
 .debug_aranges
                0x00000d10      0x140 Middlewares\Third_Party\FreeRTOS\Source\queue.o
 .debug_aranges
                0x00000e50      0x1e8 Middlewares\Third_Party\FreeRTOS\Source\tasks.o
 .debug_aranges
                0x00001038       0xb0 Middlewares\Third_Party\FreeRTOS\Source\timers.o
 .debug_aranges
                0x000010e8       0x30 Src\fmc.o
 .debug_aranges
                0x00001118       0x68 Src\freertos.o
 .debug_aranges
                0x00001180       0x20 Src\gpio.o
 .debug_aranges
                0x000011a0       0x38 Src\main.o
 .debug_aranges
                0x000011d8       0x30 Src\rng.o
 .debug_aranges
                0x00001208       0x38 Src\rtc.o
 .debug_aranges
                0x00001240       0xb8 Src\sanke.o
 .debug_aranges
                0x000012f8       0x20 Src\stm32f4xx_hal_msp.o
 .debug_aranges
                0x00001318       0x30 Src\stm32f4xx_hal_timebase_tim.o
 .debug_aranges
                0x00001348       0x48 Src\stm32f4xx_it.o
 .debug_aranges
                0x00001390       0x28 Src\system_stm32f4xx.o
 .debug_aranges
                0x000013b8      0x118 TFT_LCD\lcd.o
 .debug_aranges
                0x000014d0       0x28 startup\startup_stm32f429xx.o

.debug_ranges   0x00000000     0x19e8
 .debug_ranges  0x00000000       0xe8 Drivers\STM32F4xx_HAL_Driver\Src\stm32f4xx_hal.o
 .debug_ranges  0x000000e8      0x128 Drivers\STM32F4xx_HAL_Driver\Src\stm32f4xx_hal_cortex.o
 .debug_ranges  0x00000210       0x68 Drivers\STM32F4xx_HAL_Driver\Src\stm32f4xx_hal_gpio.o
 .debug_ranges  0x00000278       0xb0 Drivers\STM32F4xx_HAL_Driver\Src\stm32f4xx_hal_rcc.o
 .debug_ranges  0x00000328       0x60 Drivers\STM32F4xx_HAL_Driver\Src\stm32f4xx_hal_rcc_ex.o
 .debug_ranges  0x00000388       0x68 Drivers\STM32F4xx_HAL_Driver\Src\stm32f4xx_hal_rng.o
 .debug_ranges  0x000003f0       0x98 Drivers\STM32F4xx_HAL_Driver\Src\stm32f4xx_hal_rtc.o
 .debug_ranges  0x00000488      0x100 Drivers\STM32F4xx_HAL_Driver\Src\stm32f4xx_hal_rtc_ex.o
 .debug_ranges  0x00000588       0x78 Drivers\STM32F4xx_HAL_Driver\Src\stm32f4xx_hal_sram.o
 .debug_ranges  0x00000600      0x340 Drivers\STM32F4xx_HAL_Driver\Src\stm32f4xx_hal_tim.o
 .debug_ranges  0x00000940       0xe8 Drivers\STM32F4xx_HAL_Driver\Src\stm32f4xx_hal_tim_ex.o
 .debug_ranges  0x00000a28       0xe0 Drivers\STM32F4xx_HAL_Driver\Src\stm32f4xx_ll_fmc.o
 .debug_ranges  0x00000b08      0x208 Middlewares\Third_Party\FreeRTOS\Source\CMSIS_RTOS_V2\cmsis_os2.o
 .debug_ranges  0x00000d10       0x30 Middlewares\Third_Party\FreeRTOS\Source\list.o
 .debug_ranges  0x00000d40       0x70 Middlewares\Third_Party\FreeRTOS\Source\portable\GCC\ARM_CM4F\port.o
 .debug_ranges  0x00000db0       0x38 Middlewares\Third_Party\FreeRTOS\Source\portable\MemMang\heap_4.o
 .debug_ranges  0x00000de8      0x270 Middlewares\Third_Party\FreeRTOS\Source\queue.o
 .debug_ranges  0x00001058      0x298 Middlewares\Third_Party\FreeRTOS\Source\tasks.o
 .debug_ranges  0x000012f0      0x170 Middlewares\Third_Party\FreeRTOS\Source\timers.o
 .debug_ranges  0x00001460       0x50 Src\fmc.o
 .debug_ranges  0x000014b0       0xc0 Src\freertos.o
 .debug_ranges  0x00001570       0x40 Src\gpio.o
 .debug_ranges  0x000015b0       0x60 Src\main.o
 .debug_ranges  0x00001610       0x20 Src\rng.o
 .debug_ranges  0x00001630       0x28 Src\rtc.o
 .debug_ranges  0x00001658      0x168 Src\sanke.o
 .debug_ranges  0x000017c0       0x28 Src\stm32f4xx_hal_msp.o
 .debug_ranges  0x000017e8       0x40 Src\stm32f4xx_hal_timebase_tim.o
 .debug_ranges  0x00001828       0x38 Src\stm32f4xx_it.o
 .debug_ranges  0x00001860       0x18 Src\system_stm32f4xx.o
 .debug_ranges  0x00001878      0x150 TFT_LCD\lcd.o
 .debug_ranges  0x000019c8       0x20 startup\startup_stm32f429xx.o

.debug_line     0x00000000     0xb3e7
 .debug_line    0x00000000      0x43d Drivers\STM32F4xx_HAL_Driver\Src\stm32f4xx_hal.o
 .debug_line    0x0000043d      0x456 Drivers\STM32F4xx_HAL_Driver\Src\stm32f4xx_hal_cortex.o
 .debug_line    0x00000893      0x3f8 Drivers\STM32F4xx_HAL_Driver\Src\stm32f4xx_hal_gpio.o
 .debug_line    0x00000c8b      0x4f4 Drivers\STM32F4xx_HAL_Driver\Src\stm32f4xx_hal_rcc.o
 .debug_line    0x0000117f      0x42a Drivers\STM32F4xx_HAL_Driver\Src\stm32f4xx_hal_rcc_ex.o
 .debug_line    0x000015a9      0x3b0 Drivers\STM32F4xx_HAL_Driver\Src\stm32f4xx_hal_rng.o
 .debug_line    0x00001959      0x60e Drivers\STM32F4xx_HAL_Driver\Src\stm32f4xx_hal_rtc.o
 .debug_line    0x00001f67      0x8df Drivers\STM32F4xx_HAL_Driver\Src\stm32f4xx_hal_rtc_ex.o
 .debug_line    0x00002846      0x4e1 Drivers\STM32F4xx_HAL_Driver\Src\stm32f4xx_hal_sram.o
 .debug_line    0x00002d27     0x1183 Drivers\STM32F4xx_HAL_Driver\Src\stm32f4xx_hal_tim.o
 .debug_line    0x00003eaa      0x67d Drivers\STM32F4xx_HAL_Driver\Src\stm32f4xx_hal_tim_ex.o
 .debug_line    0x00004527      0x5d1 Drivers\STM32F4xx_HAL_Driver\Src\stm32f4xx_ll_fmc.o
 .debug_line    0x00004af8     0x1434 Middlewares\Third_Party\FreeRTOS\Source\CMSIS_RTOS_V2\cmsis_os2.o
 .debug_line    0x00005f2c      0x367 Middlewares\Third_Party\FreeRTOS\Source\list.o
 .debug_line    0x00006293      0x36b Middlewares\Third_Party\FreeRTOS\Source\portable\GCC\ARM_CM4F\port.o
 .debug_line    0x000065fe      0x415 Middlewares\Third_Party\FreeRTOS\Source\portable\MemMang\heap_4.o
 .debug_line    0x00006a13      0xae0 Middlewares\Third_Party\FreeRTOS\Source\queue.o
 .debug_line    0x000074f3      0xe6d Middlewares\Third_Party\FreeRTOS\Source\tasks.o
 .debug_line    0x00008360      0x664 Middlewares\Third_Party\FreeRTOS\Source\timers.o
 .debug_line    0x000089c4      0x2f2 Src\fmc.o
 .debug_line    0x00008cb6      0x61a Src\freertos.o
 .debug_line    0x000092d0      0x217 Src\gpio.o
 .debug_line    0x000094e7      0x3bb Src\main.o
 .debug_line    0x000098a2      0x233 Src\rng.o
 .debug_line    0x00009ad5      0x2ca Src\rtc.o
 .debug_line    0x00009d9f      0x51d Src\sanke.o
 .debug_line    0x0000a2bc      0x1ef Src\stm32f4xx_hal_msp.o
 .debug_line    0x0000a4ab      0x290 Src\stm32f4xx_hal_timebase_tim.o
 .debug_line    0x0000a73b      0x260 Src\stm32f4xx_it.o
 .debug_line    0x0000a99b      0x1de Src\system_stm32f4xx.o
 .debug_line    0x0000ab79      0x7ef TFT_LCD\lcd.o
 .debug_line    0x0000b368       0x7f startup\startup_stm32f429xx.o

.debug_str      0x00000000     0x819c
 .debug_str     0x00000000      0xbeb Drivers\STM32F4xx_HAL_Driver\Src\stm32f4xx_hal.o
                                0xc54 (size before relaxing)
 .debug_str     0x00000beb      0x4a1 Drivers\STM32F4xx_HAL_Driver\Src\stm32f4xx_hal_cortex.o
                                0xcd1 (size before relaxing)
 .debug_str     0x0000108c      0x1d7 Drivers\STM32F4xx_HAL_Driver\Src\stm32f4xx_hal_gpio.o
                                0x546 (size before relaxing)
 .debug_str     0x00001263      0x2e9 Drivers\STM32F4xx_HAL_Driver\Src\stm32f4xx_hal_rcc.o
                                0x719 (size before relaxing)
 .debug_str     0x0000154c      0x21b Drivers\STM32F4xx_HAL_Driver\Src\stm32f4xx_hal_rcc_ex.o
                                0x5bb (size before relaxing)
 .debug_str     0x00001767      0x25a Drivers\STM32F4xx_HAL_Driver\Src\stm32f4xx_hal_rng.o
                                0x4be (size before relaxing)
 .debug_str     0x000019c1      0x4a1 Drivers\STM32F4xx_HAL_Driver\Src\stm32f4xx_hal_rtc.o
                                0x788 (size before relaxing)
 .debug_str     0x00001e62      0x551 Drivers\STM32F4xx_HAL_Driver\Src\stm32f4xx_hal_rtc_ex.o
                                0xae8 (size before relaxing)
 .debug_str     0x000023b3      0x677 Drivers\STM32F4xx_HAL_Driver\Src\stm32f4xx_hal_sram.o
                                0x965 (size before relaxing)
 .debug_str     0x00002a2a      0xff6 Drivers\STM32F4xx_HAL_Driver\Src\stm32f4xx_hal_tim.o
                               0x1510 (size before relaxing)
 .debug_str     0x00003a20      0x548 Drivers\STM32F4xx_HAL_Driver\Src\stm32f4xx_hal_tim_ex.o
                                0xd28 (size before relaxing)
 .debug_str     0x00003f68      0x50f Drivers\STM32F4xx_HAL_Driver\Src\stm32f4xx_ll_fmc.o
                                0xa12 (size before relaxing)
 .debug_str     0x00004477     0x1a6a Middlewares\Third_Party\FreeRTOS\Source\CMSIS_RTOS_V2\cmsis_os2.o
                               0x1d0b (size before relaxing)
 .debug_str     0x00005ee1      0x143 Middlewares\Third_Party\FreeRTOS\Source\list.o
                                0x740 (size before relaxing)
 .debug_str     0x00006024      0x250 Middlewares\Third_Party\FreeRTOS\Source\portable\GCC\ARM_CM4F\port.o
                                0x486 (size before relaxing)
 .debug_str     0x00006274      0x1e8 Middlewares\Third_Party\FreeRTOS\Source\portable\MemMang\heap_4.o
                                0x829 (size before relaxing)
 .debug_str     0x0000645c      0x5db Middlewares\Third_Party\FreeRTOS\Source\queue.o
                               0x10ad (size before relaxing)
 .debug_str     0x00006a37      0x895 Middlewares\Third_Party\FreeRTOS\Source\tasks.o
                               0x16ba (size before relaxing)
 .debug_str     0x000072cc      0x4de Middlewares\Third_Party\FreeRTOS\Source\timers.o
                               0x1031 (size before relaxing)
 .debug_str     0x000077aa       0x7d Src\fmc.o
                                0x91a (size before relaxing)
 .debug_str     0x00007827      0x499 Src\freertos.o
                                0xef6 (size before relaxing)
 .debug_str     0x00007cc0       0x1b Src\gpio.o
                                0x3e6 (size before relaxing)
 .debug_str     0x00007cdb       0x5b Src\main.o
                                0xf6a (size before relaxing)
 .debug_str     0x00007d36       0x17 Src\rng.o
                                0x47d (size before relaxing)
 .debug_str     0x00007d4d       0x3b Src\rtc.o
                                0x66c (size before relaxing)
 .debug_str     0x00007d88       0x77 Src\sanke.o
                                0x6f8 (size before relaxing)
 .debug_str     0x00007dff       0x1b Src\stm32f4xx_hal_msp.o
                                0x895 (size before relaxing)
 .debug_str     0x00007e1a       0x50 Src\stm32f4xx_hal_timebase_tim.o
                                0xe15 (size before relaxing)
 .debug_str     0x00007e6a       0x8f Src\stm32f4xx_it.o
                                0x6bd (size before relaxing)
 .debug_str     0x00007ef9       0x45 Src\system_stm32f4xx.o
                                0x3aa (size before relaxing)
 .debug_str     0x00007f3e      0x25e TFT_LCD\lcd.o
                                0x5ee (size before relaxing)

.comment        0x00000000       0x7c
 .comment       0x00000000       0x7c Drivers\STM32F4xx_HAL_Driver\Src\stm32f4xx_hal.o
                                 0x7d (size before relaxing)
 .comment       0x0000007c       0x7d Drivers\STM32F4xx_HAL_Driver\Src\stm32f4xx_hal_cortex.o
 .comment       0x0000007c       0x7d Drivers\STM32F4xx_HAL_Driver\Src\stm32f4xx_hal_gpio.o
 .comment       0x0000007c       0x7d Drivers\STM32F4xx_HAL_Driver\Src\stm32f4xx_hal_rcc.o
 .comment       0x0000007c       0x7d Drivers\STM32F4xx_HAL_Driver\Src\stm32f4xx_hal_rcc_ex.o
 .comment       0x0000007c       0x7d Drivers\STM32F4xx_HAL_Driver\Src\stm32f4xx_hal_rng.o
 .comment       0x0000007c       0x7d Drivers\STM32F4xx_HAL_Driver\Src\stm32f4xx_hal_rtc.o
 .comment       0x0000007c       0x7d Drivers\STM32F4xx_HAL_Driver\Src\stm32f4xx_hal_rtc_ex.o
 .comment       0x0000007c       0x7d Drivers\STM32F4xx_HAL_Driver\Src\stm32f4xx_hal_sram.o
 .comment       0x0000007c       0x7d Drivers\STM32F4xx_HAL_Driver\Src\stm32f4xx_hal_tim.o
 .comment       0x0000007c       0x7d Drivers\STM32F4xx_HAL_Driver\Src\stm32f4xx_hal_tim_ex.o
 .comment       0x0000007c       0x7d Drivers\STM32F4xx_HAL_Driver\Src\stm32f4xx_ll_fmc.o
 .comment       0x0000007c       0x7d Middlewares\Third_Party\FreeRTOS\Source\CMSIS_RTOS_V2\cmsis_os2.o
 .comment       0x0000007c       0x7d Middlewares\Third_Party\FreeRTOS\Source\list.o
 .comment       0x0000007c       0x7d Middlewares\Third_Party\FreeRTOS\Source\portable\GCC\ARM_CM4F\port.o
 .comment       0x0000007c       0x7d Middlewares\Third_Party\FreeRTOS\Source\portable\MemMang\heap_4.o
 .comment       0x0000007c       0x7d Middlewares\Third_Party\FreeRTOS\Source\queue.o
 .comment       0x0000007c       0x7d Middlewares\Third_Party\FreeRTOS\Source\tasks.o
 .comment       0x0000007c       0x7d Middlewares\Third_Party\FreeRTOS\Source\timers.o
 .comment       0x0000007c       0x7d Src\fmc.o
 .comment       0x0000007c       0x7d Src\freertos.o
 .comment       0x0000007c       0x7d Src\gpio.o
 .comment       0x0000007c       0x7d Src\main.o
 .comment       0x0000007c       0x7d Src\rng.o
 .comment       0x0000007c       0x7d Src\rtc.o
 .comment       0x0000007c       0x7d Src\sanke.o
 .comment       0x0000007c       0x7d Src\stm32f4xx_hal_msp.o
 .comment       0x0000007c       0x7d Src\stm32f4xx_hal_timebase_tim.o
 .comment       0x0000007c       0x7d Src\stm32f4xx_it.o
 .comment       0x0000007c       0x7d Src\system_stm32f4xx.o
 .comment       0x0000007c       0x7d TFT_LCD\lcd.o

.debug_frame    0x00000000     0x3df4
 .debug_frame   0x00000000      0x210 Drivers\STM32F4xx_HAL_Driver\Src\stm32f4xx_hal.o
 .debug_frame   0x00000210      0x158 Drivers\STM32F4xx_HAL_Driver\Src\stm32f4xx_hal_cortex.o
 .debug_frame   0x00000368       0xd8 Drivers\STM32F4xx_HAL_Driver\Src\stm32f4xx_hal_gpio.o
 .debug_frame   0x00000440      0x13c Drivers\STM32F4xx_HAL_Driver\Src\stm32f4xx_hal_rcc.o
 .debug_frame   0x0000057c       0xe8 Drivers\STM32F4xx_HAL_Driver\Src\stm32f4xx_hal_rcc_ex.o
 .debug_frame   0x00000664      0x120 Drivers\STM32F4xx_HAL_Driver\Src\stm32f4xx_hal_rng.o
 .debug_frame   0x00000784      0x218 Drivers\STM32F4xx_HAL_Driver\Src\stm32f4xx_hal_rtc.o
 .debug_frame   0x0000099c      0x348 Drivers\STM32F4xx_HAL_Driver\Src\stm32f4xx_hal_rtc_ex.o
 .debug_frame   0x00000ce4      0x1a8 Drivers\STM32F4xx_HAL_Driver\Src\stm32f4xx_hal_sram.o
 .debug_frame   0x00000e8c      0x928 Drivers\STM32F4xx_HAL_Driver\Src\stm32f4xx_hal_tim.o
 .debug_frame   0x000017b4      0x360 Drivers\STM32F4xx_HAL_Driver\Src\stm32f4xx_hal_tim_ex.o
 .debug_frame   0x00001b14      0x25c Drivers\STM32F4xx_HAL_Driver\Src\stm32f4xx_ll_fmc.o
 .debug_frame   0x00001d70      0x65c Middlewares\Third_Party\FreeRTOS\Source\CMSIS_RTOS_V2\cmsis_os2.o
 .debug_frame   0x000023cc       0x6c Middlewares\Third_Party\FreeRTOS\Source\list.o
 .debug_frame   0x00002438       0xfc Middlewares\Third_Party\FreeRTOS\Source\portable\GCC\ARM_CM4F\port.o
 .debug_frame   0x00002534       0x98 Middlewares\Third_Party\FreeRTOS\Source\portable\MemMang\heap_4.o
 .debug_frame   0x000025cc      0x408 Middlewares\Third_Party\FreeRTOS\Source\queue.o
 .debug_frame   0x000029d4      0x654 Middlewares\Third_Party\FreeRTOS\Source\tasks.o
 .debug_frame   0x00003028      0x218 Middlewares\Third_Party\FreeRTOS\Source\timers.o
 .debug_frame   0x00003240       0x74 Src\fmc.o
 .debug_frame   0x000032b4      0x150 Src\freertos.o
 .debug_frame   0x00003404       0x38 Src\gpio.o
 .debug_frame   0x0000343c       0x6c Src\main.o
 .debug_frame   0x000034a8       0x58 Src\rng.o
 .debug_frame   0x00003500       0x74 Src\rtc.o
 .debug_frame   0x00003574      0x298 Src\sanke.o
 .debug_frame   0x0000380c       0x28 Src\stm32f4xx_hal_msp.o
 .debug_frame   0x00003834       0x54 Src\stm32f4xx_hal_timebase_tim.o
 .debug_frame   0x00003888       0x80 Src\stm32f4xx_it.o
 .debug_frame   0x00003908       0x38 Src\system_stm32f4xx.o
 .debug_frame   0x00003940      0x3e0 TFT_LCD\lcd.o
 .debug_frame   0x00003d20       0x2c c:/program files (x86)/atollic/truestudio for stm32 9.3.0/armtools/bin/../lib/gcc/arm-atollic-eabi/6.3.1/../../../../arm-atollic-eabi/lib/armv7e-m/fpu\libc_nano.a(lib_a-init.o)
 .debug_frame   0x00003d4c       0x28 c:/program files (x86)/atollic/truestudio for stm32 9.3.0/armtools/bin/../lib/gcc/arm-atollic-eabi/6.3.1/../../../../arm-atollic-eabi/lib/armv7e-m/fpu\libc_nano.a(lib_a-memcpy-stub.o)
 .debug_frame   0x00003d74       0x20 c:/program files (x86)/atollic/truestudio for stm32 9.3.0/armtools/bin/../lib/gcc/arm-atollic-eabi/6.3.1/../../../../arm-atollic-eabi/lib/armv7e-m/fpu\libc_nano.a(lib_a-memset.o)
 .debug_frame   0x00003d94       0x2c c:/program files (x86)/atollic/truestudio for stm32 9.3.0/armtools/bin/../lib/gcc/arm-atollic-eabi/6.3.1/armv7e-m/fpu\libgcc.a(_aeabi_uldivmod.o)
 .debug_frame   0x00003dc0       0x34 c:/program files (x86)/atollic/truestudio for stm32 9.3.0/armtools/bin/../lib/gcc/arm-atollic-eabi/6.3.1/armv7e-m/fpu\libgcc.a(_udivmoddi4.o)
